Component: ARM Compiler 5.06 update 3 (build 300) Tool: armlink [4d35c9]

==============================================================================

Section Cross References

    main.o(i.Start_Task) refers to bsp.o(i.NVIC_Configuration) for NVIC_Configuration
    main.o(i.Start_Task) refers to usart.o(i.uart_init) for uart_init
    main.o(i.Start_Task) refers to led.o(i.LED_GPIO_Config) for LED_GPIO_Config
    main.o(i.Start_Task) refers to stm32f10x_bkp.o(i.BKP_ReadBackupRegister) for BKP_ReadBackupRegister
    main.o(i.Start_Task) refers to rtc.o(i.RTC_Configuration) for RTC_Configuration
    main.o(i.Start_Task) refers to rtc.o(i.Time_Adjust) for Time_Adjust
    main.o(i.Start_Task) refers to stm32f10x_bkp.o(i.BKP_WriteBackupRegister) for BKP_WriteBackupRegister
    main.o(i.Start_Task) refers to stm32f10x_rtc.o(i.RTC_WaitForSynchro) for RTC_WaitForSynchro
    main.o(i.Start_Task) refers to stm32f10x_rtc.o(i.RTC_ITConfig) for RTC_ITConfig
    main.o(i.Start_Task) refers to stm32f10x_rtc.o(i.RTC_WaitForLastTask) for RTC_WaitForLastTask
    main.o(i.Start_Task) refers to stm32f10x_rcc.o(i.RCC_ClearFlag) for RCC_ClearFlag
    main.o(i.Start_Task) refers to stm32f10x_rtc.o(i.RTC_GetCounter) for RTC_GetCounter
    main.o(i.Start_Task) refers to time.o(i.Time_Init) for Time_Init
    main.o(i.Start_Task) refers to cpu_core.o(i.CPU_Init) for CPU_Init
    main.o(i.Start_Task) refers to bsp.o(i.SysTick_init) for SysTick_init
    main.o(i.Start_Task) refers to oled.o(i.OLED_Init) for OLED_Init
    main.o(i.Start_Task) refers to oled.o(i.OLED_ShowString) for OLED_ShowString
    main.o(i.Start_Task) refers to oled.o(i.OLED_Refresh_Gram) for OLED_Refresh_Gram
    main.o(i.Start_Task) refers to os_stat.o(i.OSStatTaskCPUUsageInit) for OSStatTaskCPUUsageInit
    main.o(i.Start_Task) refers to os_core.o(i.OSSchedRoundRobinCfg) for OSSchedRoundRobinCfg
    main.o(i.Start_Task) refers to os_sem.o(i.OSSemCreate) for OSSemCreate
    main.o(i.Start_Task) refers to os_sem.o(i.OSSemSet) for OSSemSet
    main.o(i.Start_Task) refers to os_mem.o(i.OSMemCreate) for OSMemCreate
    main.o(i.Start_Task) refers to os_tmr.o(i.OSTmrCreate) for OSTmrCreate
    main.o(i.Start_Task) refers to cpu_a.o(.text) for CPU_SR_Save
    main.o(i.Start_Task) refers to os_task.o(i.OSTaskCreate) for OSTaskCreate
    main.o(i.Start_Task) refers to os_core.o(i.OS_Sched0) for OS_Sched0
    main.o(i.Start_Task) refers to os_task.o(i.OSTaskDel) for OSTaskDel
    main.o(i.Start_Task) refers to main.o(.bss) for share_Usart
    main.o(i.Start_Task) refers to main.o(i.systime_CB) for systime_CB
    main.o(i.Start_Task) refers to os_var.o(.data) for OSSchedLockNestingCtr
    main.o(i.Start_Task) refers to app.o(i.Task_LED) for Task_LED
    main.o(i.Start_Task) refers to app.o(i.Task_FM) for Task_FM
    main.o(i.Start_Task) refers to app.o(i.Task_SF) for Task_SF
    main.o(i.Start_Task) refers to app.o(i.WRITE_LOG) for WRITE_LOG
    main.o(i.main) refers to os_core.o(i.OSInit) for OSInit
    main.o(i.main) refers to os_task.o(i.OSTaskCreate) for OSTaskCreate
    main.o(i.main) refers to os_core.o(i.OSStart) for OSStart
    main.o(i.main) refers to main.o(.bss) for START_TASK_STK
    main.o(i.main) refers to main.o(i.Start_Task) for Start_Task
    main.o(i.systime_CB) refers to cpu_a.o(.text) for CPU_SR_Save
    main.o(i.systime_CB) refers to ff.o(i.f_mount) for f_mount
    main.o(i.systime_CB) refers to os_sem.o(i.OSSemPost) for OSSemPost
    main.o(i.systime_CB) refers to os_core.o(i.OS_Sched0) for OS_Sched0
    main.o(i.systime_CB) refers to os_var.o(.data) for OSSchedLockNestingCtr
    main.o(i.systime_CB) refers to main.o(.bss) for fs
    stm32f10x_it.o(i.RTC_IRQHandler) refers to os_core.o(i.OSIntEnter) for OSIntEnter
    stm32f10x_it.o(i.RTC_IRQHandler) refers to cpu_a.o(.text) for CPU_SR_Save
    stm32f10x_it.o(i.RTC_IRQHandler) refers to stm32f10x_rtc.o(i.RTC_GetITStatus) for RTC_GetITStatus
    stm32f10x_it.o(i.RTC_IRQHandler) refers to stm32f10x_rtc.o(i.RTC_ClearITPendingBit) for RTC_ClearITPendingBit
    stm32f10x_it.o(i.RTC_IRQHandler) refers to stm32f10x_rtc.o(i.RTC_WaitForLastTask) for RTC_WaitForLastTask
    stm32f10x_it.o(i.RTC_IRQHandler) refers to stm32f10x_rtc.o(i.RTC_GetCounter) for RTC_GetCounter
    stm32f10x_it.o(i.RTC_IRQHandler) refers to stm32f10x_pwr.o(i.PWR_BackupAccessCmd) for PWR_BackupAccessCmd
    stm32f10x_it.o(i.RTC_IRQHandler) refers to stm32f10x_rtc.o(i.RTC_SetCounter) for RTC_SetCounter
    stm32f10x_it.o(i.RTC_IRQHandler) refers to time.o(i.Time_add_Day) for Time_add_Day
    stm32f10x_it.o(i.RTC_IRQHandler) refers to os_core.o(i.OSIntExit) for OSIntExit
    stm32f10x_it.o(i.RTC_IRQHandler) refers to rtc.o(.data) for TimeDisplay
    stm32f10x_it.o(i.SDIO_IRQHandler) refers to os_core.o(i.OSIntEnter) for OSIntEnter
    stm32f10x_it.o(i.SDIO_IRQHandler) refers to sdio_sdcard.o(i.SD_ProcessIRQSrc) for SD_ProcessIRQSrc
    stm32f10x_it.o(i.SDIO_IRQHandler) refers to os_core.o(i.OSIntExit) for OSIntExit
[...]
    DMA_Init                                 0x08000801   Thumb Code    60  stm32f10x_dma.o(i.DMA_Init)
    DebugMon_Handler                         0x0800083d   Thumb Code     2  stm32f10x_it.o(i.DebugMon_Handler)
    Del_Item                                 0x08000841   Thumb Code    52  list.o(i.Del_Item)
    GPIO_Init                                0x08000a65   Thumb Code   278  stm32f10x_gpio.o(i.GPIO_Init)
    GPIO_ResetBits                           0x08000b7b   Thumb Code     4  stm32f10x_gpio.o(i.GPIO_ResetBits)
    GPIO_SetBits                             0x08000b7f   Thumb Code     4  stm32f10x_gpio.o(i.GPIO_SetBits)
    GPIO_Write                               0x08000b83   Thumb Code     4  stm32f10x_gpio.o(i.GPIO_Write)
    HardFault_Handler                        0x08000b87   Thumb Code     4  stm32f10x_it.o(i.HardFault_Handler)
    IS_OK                                    0x08000b8d   Thumb Code   222  fingerprint.o(i.IS_OK)
    IsListEmpty                              0x08000cad   Thumb Code    14  list.o(i.IsListEmpty)
    Is_Leap                                  0x08000cbb   Thumb Code    50  time.o(i.Is_Leap)
    LED_GPIO_Config                          0x08000ced   Thumb Code    88  led.o(i.LED_GPIO_Config)
    List_Init                                0x08000d4d   Thumb Code    10  list.o(i.List_Init)
    MemManage_Handler                        0x08000d57   Thumb Code     4  stm32f10x_it.o(i.MemManage_Handler)
    NMI_Handler                              0x08000d5b   Thumb Code     2  stm32f10x_it.o(i.NMI_Handler)
    NVIC_Configuration                       0x08000d5d   Thumb Code    70  bsp.o(i.NVIC_Configuration)
    NVIC_Init                                0x08000da5   Thumb Code   100  misc.o(i.NVIC_Init)
    NVIC_PriorityGroupConfig                 0x08000e15   Thumb Code    10  misc.o(i.NVIC_PriorityGroupConfig)
    OLED_Clear                               0x08000e29   Thumb Code    42  oled.o(i.OLED_Clear)
    OLED_DrawPoint                           0x08000e59   Thumb Code   100  oled.o(i.OLED_DrawPoint)
    OLED_Init                                0x08000ec1   Thumb Code   352  oled.o(i.OLED_Init)
    OLED_Refresh_Gram                        0x08001035   Thumb Code    70  oled.o(i.OLED_Refresh_Gram)
    OLED_ShowChar                            0x08001081   Thumb Code   254  oled.o(i.OLED_ShowChar)
    OLED_ShowNum                             0x0800118d   Thumb Code   148  oled.o(i.OLED_ShowNum)
    OLED_ShowString                          0x08001221   Thumb Code    94  oled.o(i.OLED_ShowString)
    OLED_WR_Byte                             0x08001281   Thumb Code    78  oled.o(i.OLED_WR_Byte)
    OSCfg_Init                               0x080012e5   Thumb Code    86  os_cfg_app.o(i.OSCfg_Init)
    OSIdleTaskHook                           0x080013e1   Thumb Code    16  os_cpu_c.o(i.OSIdleTaskHook)
    OSInit                                   0x080013f5   Thumb Code   264  os_core.o(i.OSInit)
    OSInitHook                               0x08001539   Thumb Code    20  os_cpu_c.o(i.OSInitHook)
    OSIntEnter                               0x08001559   Thumb Code    34  os_core.o(i.OSIntEnter)
    OSIntExit                                0x08001585   Thumb Code   192  os_core.o(i.OSIntExit)
    OSMemCreate                              0x08001669   Thumb Code   334  os_mem.o(i.OSMemCreate)
    OSMemGet                                 0x080017cd   Thumb Code   100  os_mem.o(i.OSMemGet)
    OSMemPut                                 0x08001831   Thumb Code   112  os_mem.o(i.OSMemPut)
    OSSched                                  0x080018a1   Thumb Code   134  os_core.o(i.OSSched)
    OSSchedLock                              0x08001949   Thumb Code   100  os_core.o(i.OSSchedLock)
    OSSchedRoundRobinCfg                     0x080019b9   Thumb Code    88  os_core.o(i.OSSchedRoundRobinCfg)
    OSSchedUnlock                            0x08001a1d   Thumb Code   132  os_core.o(i.OSSchedUnlock)
    OSSemCreate                              0x08001aad   Thumb Code   116  os_sem.o(i.OSSemCreate)
    OSSemPend                                0x08001b2d   Thumb Code   462  os_sem.o(i.OSSemPend)
    OSSemPost                                0x08001d0d   Thumb Code    98  os_sem.o(i.OSSemPost)
    OSSemSet                                 0x08001d79   Thumb Code   120  os_sem.o(i.OSSemSet)
    OSStart                                  0x08001df9   Thumb Code    78  os_core.o(i.OSStart)
    OSStatReset                              0x08001e61   Thumb Code   170  os_stat.o(i.OSStatReset)
    OSStatTaskCPUUsageInit                   0x08001f29   Thumb Code   168  os_stat.o(i.OSStatTaskCPUUsageInit)
    OSStatTaskHook                           0x08001fe9   Thumb Code    16  os_cpu_c.o(i.OSStatTaskHook)
    OSTaskCreate                             0x08001ffd   Thumb Code   566  os_task.o(i.OSTaskCreate)
    OSTaskCreateHook                         0x08002259   Thumb Code    20  os_cpu_c.o(i.OSTaskCreateHook)
    OSTaskDel                                0x08002271   Thumb Code   424  os_task.o(i.OSTaskDel)
    OSTaskDelHook                            0x08002435   Thumb Code    20  os_cpu_c.o(i.OSTaskDelHook)
    OSTaskResume                             0x0800244d   Thumb Code   362  os_task.o(i.OSTaskResume)
    OSTaskReturnHook                         0x080025c5   Thumb Code    20  os_cpu_c.o(i.OSTaskReturnHook)
    OSTaskSemPend                            0x080025dd   Thumb Code   486  os_task.o(i.OSTaskSemPend)
    OSTaskStkChk                             0x080027d1   Thumb Code   204  os_task.o(i.OSTaskStkChk)
    OSTaskStkInit                            0x080028a5   Thumb Code   188  os_cpu_c.o(i.OSTaskStkInit)
    OSTaskSuspend                            0x08002965   Thumb Code   372  os_task.o(i.OSTaskSuspend)
    OSTaskSwHook                             0x08002aed   Thumb Code    90  os_cpu_c.o(i.OSTaskSwHook)
    OSTimeDly                                0x08002b55   Thumb Code   266  os_time.o(i.OSTimeDly)
    OSTimeDlyHMSM                            0x08002c6d   Thumb Code   480  os_time.o(i.OSTimeDlyHMSM)
    OSTimeTick                               0x08002e5d   Thumb Code    50  os_time.o(i.OSTimeTick)
    OSTimeTickHook                           0x08002e9d   Thumb Code    16  os_cpu_c.o(i.OSTimeTickHook)
    OSTmrCreate                              0x08002eb1   Thumb Code   192  os_tmr.o(i.OSTmrCreate)
    OSTmrStart                               0x08002f7d   Thumb Code   164  os_tmr.o(i.OSTmrStart)
    OS_CPU_SysTickHandler                    0x08003029   Thumb Code    52  os_cpu_c.o(i.OS_CPU_SysTickHandler)
    OS_Dbg_Init                              0x08003061   Thumb Code   146  os_dbg.o(i.OS_Dbg_Init)
    OS_FlagInit                              0x08003211   Thumb Code    14  os_flag.o(i.OS_FlagInit)
    OS_FlagPost                              0x08003229   Thumb Code   552  os_flag.o(i.OS_FlagPost)
    OS_FlagTaskRdy                           0x08003459   Thumb Code    86  os_flag.o(i.OS_FlagTaskRdy)
    OS_IdleTask                              0x080034b1   Thumb Code    60  os_core.o(i.OS_IdleTask)
    OS_IdleTaskInit                          0x080034f5   Thumb Code    66  os_core.o(i.OS_IdleTaskInit)
    OS_IntQPost                              0x08003565   Thumb Code   210  os_int.o(i.OS_IntQPost)
    OS_IntQRePost                            0x0800365d   Thumb Code   308  os_int.o(i.OS_IntQRePost)
    OS_IntQTask                              0x080037c5   Thumb Code   130  os_int.o(i.OS_IntQTask)
    OS_IntQTaskInit                          0x08003855   Thumb Code   206  os_int.o(i.OS_IntQTaskInit)
    OS_MemDbgListAdd                         0x0800397d   Thumb Code    34  os_mem.o(i.OS_MemDbgListAdd)
    OS_MemInit                               0x080039a5   Thumb Code    14  os_mem.o(i.OS_MemInit)
    OS_MsgPoolCreate                         0x080039bd   Thumb Code    54  os_msg.o(i.OS_MsgPoolCreate)
    OS_MsgPoolInit                           0x080039f5   Thumb Code    68  os_msg.o(i.OS_MsgPoolInit)
    OS_MsgQFreeAll                           0x08003a45   Thumb Code    62  os_msg.o(i.OS_MsgQFreeAll)
    OS_MsgQInit                              0x08003a89   Thumb Code    14  os_msg.o(i.OS_MsgQInit)
    OS_MsgQPut                               0x08003a99   Thumb Code   216  os_msg.o(i.OS_MsgQPut)
    OS_MutexInit                             0x08003b75   Thumb Code    14  os_mutex.o(i.OS_MutexInit)
    OS_Pend                                  0x08003b8d   Thumb Code    98  os_core.o(i.OS_Pend)
    OS_PendDataInit                          0x08003bf5   Thumb Code    38  os_core.o(i.OS_PendDataInit)
    OS_PendDbgNameAdd                        0x08003c1d   Thumb Code    66  os_core.o(i.OS_PendDbgNameAdd)
    OS_PendDbgNameRemove                     0x08003c79   Thumb Code    30  os_core.o(i.OS_PendDbgNameRemove)
    OS_PendListInit                          0x08003c9d   Thumb Code    10  os_core.o(i.OS_PendListInit)
    OS_PendListInsertPrio                    0x08003ca7   Thumb Code   102  os_core.o(i.OS_PendListInsertPrio)
    OS_PendListRemove                        0x08003d0d   Thumb Code    48  os_core.o(i.OS_PendListRemove)
    OS_PendListRemove1                       0x08003d3d   Thumb Code    66  os_core.o(i.OS_PendListRemove1)
    OS_Post                                  0x08003d7f   Thumb Code   192  os_core.o(i.OS_Post)
    OS_Post1                                 0x08003e3f   Thumb Code    42  os_core.o(i.OS_Post1)
    OS_PrioGetHighest                        0x08003e69   Thumb Code    36  os_prio.o(i.OS_PrioGetHighest)
    OS_PrioInit                              0x08003e91   Thumb Code    20  os_prio.o(i.OS_PrioInit)
    OS_PrioInsert                            0x08003ea9   Thumb Code    32  os_prio.o(i.OS_PrioInsert)
    OS_PrioRemove                            0x08003ecd   Thumb Code    32  os_prio.o(i.OS_PrioRemove)
    OS_QInit                                 0x08003ef1   Thumb Code    14  os_q.o(i.OS_QInit)
    OS_QPost                                 0x08003f09   Thumb Code   324  os_q.o(i.OS_QPost)
    OS_RdyListInit                           0x08004055   Thumb Code    32  os_core.o(i.OS_RdyListInit)
    OS_RdyListInsert                         0x08004079   Thumb Code    40  os_core.o(i.OS_RdyListInsert)
    OS_RdyListInsertHead                     0x080040a5   Thumb Code    58  os_core.o(i.OS_RdyListInsertHead)
    OS_RdyListInsertTail                     0x080040e5   Thumb Code    56  os_core.o(i.OS_RdyListInsertTail)
    OS_RdyListMoveHeadToTail                 0x08004121   Thumb Code    68  os_core.o(i.OS_RdyListMoveHeadToTail)
    OS_RdyListRemove                         0x08004165   Thumb Code    86  os_core.o(i.OS_RdyListRemove)
    OS_Sched0                                0x080041c1   Thumb Code    72  os_core.o(i.OS_Sched0)
    OS_SchedRoundRobin                       0x0800421d   Thumb Code   190  os_core.o(i.OS_SchedRoundRobin)
    OS_SemDbgListAdd                         0x080042ed   Thumb Code    38  os_sem.o(i.OS_SemDbgListAdd)
    OS_SemInit                               0x0800431d   Thumb Code    14  os_sem.o(i.OS_SemInit)
    OS_SemPost                               0x08004335   Thumb Code   350  os_sem.o(i.OS_SemPost)
    OS_StatTask                              0x08004499   Thumb Code   508  os_stat.o(i.OS_StatTask)
    OS_StatTaskInit                          0x080046c5   Thumb Code   136  os_stat.o(i.OS_StatTaskInit)
    OS_TaskBlock                             0x08004791   Thumb Code    56  os_core.o(i.OS_TaskBlock)
    OS_TaskDbgListAdd                        0x080047c9   Thumb Code    42  os_task.o(i.OS_TaskDbgListAdd)
    OS_TaskDbgListRemove                     0x080047f9   Thumb Code    64  os_task.o(i.OS_TaskDbgListRemove)
    OS_TaskInit                              0x0800483d   Thumb Code    18  os_task.o(i.OS_TaskInit)
    OS_TaskInitTCB                           0x0800485d   Thumb Code   182  os_task.o(i.OS_TaskInitTCB)
    OS_TaskQPost                             0x08004921   Thumb Code   510  os_task.o(i.OS_TaskQPost)
    OS_TaskRdy                               0x08004b2d   Thumb Code    28  os_core.o(i.OS_TaskRdy)
    OS_TaskReturn                            0x08004b49   Thumb Code    20  os_task.o(i.OS_TaskReturn)
    OS_TaskSemPost                           0x08004b61   Thumb Code   842  os_task.o(i.OS_TaskSemPost)
    OS_TickListInit                          0x08004eb9   Thumb Code    32  os_tick.o(i.OS_TickListInit)
    OS_TickListInsert                        0x08004ee1   Thumb Code   430  os_tick.o(i.OS_TickListInsert)
    OS_TickListRemove                        0x0800509d   Thumb Code    56  os_tick.o(i.OS_TickListRemove)
    OS_TickListResetPeak                     0x080050d5   Thumb Code    28  os_tick.o(i.OS_TickListResetPeak)
    OS_TickListUpdate                        0x080050f9   Thumb Code   466  os_tick.o(i.OS_TickListUpdate)
    OS_TickTask                              0x080052e5   Thumb Code    38  os_tick.o(i.OS_TickTask)
    OS_TickTaskInit                          0x08005311   Thumb Code    92  os_tick.o(i.OS_TickTaskInit)
    OS_TmrDbgListAdd                         0x080053a1   Thumb Code    34  os_tmr.o(i.OS_TmrDbgListAdd)
    OS_TmrInit                               0x080053c9   Thumb Code   206  os_tmr.o(i.OS_TmrInit)
    OS_TmrLink                               0x080054f1   Thumb Code   196  os_tmr.o(i.OS_TmrLink)
    OS_TmrResetPeak                          0x080055c1   Thumb Code    28  os_tmr.o(i.OS_TmrResetPeak)
    OS_TmrTask                               0x080055e5   Thumb Code   168  os_tmr.o(i.OS_TmrTask)
    OS_TmrUnlink                             0x0800569d   Thumb Code    72  os_tmr.o(i.OS_TmrUnlink)
    PWR_BackupAccessCmd                      0x080056ed   Thumb Code     6  stm32f10x_pwr.o(i.PWR_BackupAccessCmd)
    RCC_AHBPeriphClockCmd                    0x080056f9   Thumb Code    26  stm32f10x_rcc.o(i.RCC_AHBPeriphClockCmd)
    RCC_APB1PeriphClockCmd                   0x08005719   Thumb Code    26  stm32f10x_rcc.o(i.RCC_APB1PeriphClockCmd)
    RCC_APB1PeriphResetCmd                   0x08005739   Thumb Code    26  stm32f10x_rcc.o(i.RCC_APB1PeriphResetCmd)
    RCC_APB2PeriphClockCmd                   0x08005759   Thumb Code    26  stm32f10x_rcc.o(i.RCC_APB2PeriphClockCmd)
    RCC_APB2PeriphResetCmd                   0x08005779   Thumb Code    26  stm32f10x_rcc.o(i.RCC_APB2PeriphResetCmd)
    RCC_BackupResetCmd                       0x08005799   Thumb Code     6  stm32f10x_rcc.o(i.RCC_BackupResetCmd)
    RCC_ClearFlag                            0x080057a5   Thumb Code    14  stm32f10x_rcc.o(i.RCC_ClearFlag)
    RCC_GetClocksFreq                        0x080057b9   Thumb Code   192  stm32f10x_rcc.o(i.RCC_GetClocksFreq)
    RCC_GetFlagStatus                        0x0800588d   Thumb Code    56  stm32f10x_rcc.o(i.RCC_GetFlagStatus)
    RCC_LSEConfig                            0x080058c9   Thumb Code    46  stm32f10x_rcc.o(i.RCC_LSEConfig)
    RCC_RTCCLKCmd                            0x080058fd   Thumb Code     6  stm32f10x_rcc.o(i.RCC_RTCCLKCmd)
    RCC_RTCCLKConfig                         0x08005909   Thumb Code    12  stm32f10x_rcc.o(i.RCC_RTCCLKConfig)
    RTC_ClearITPendingBit                    0x08005919   Thumb Code    12  stm32f10x_rtc.o(i.RTC_ClearITPendingBit)
    RTC_Configuration                        0x08005929   Thumb Code    88  rtc.o(i.RTC_Configuration)
    RTC_EnterConfigMode                      0x08005981   Thumb Code    14  stm32f10x_rtc.o(i.RTC_EnterConfigMode)
    RTC_ExitConfigMode                       0x08005995   Thumb Code    16  stm32f10x_rtc.o(i.RTC_ExitConfigMode)
    RTC_GetCounter                           0x080059a9   Thumb Code    16  stm32f10x_rtc.o(i.RTC_GetCounter)
    RTC_GetITStatus                          0x080059bd   Thumb Code    32  stm32f10x_rtc.o(i.RTC_GetITStatus)
    RTC_IRQHandler                           0x080059e1   Thumb Code   100  stm32f10x_it.o(i.RTC_IRQHandler)
    RTC_ITConfig                             0x08005a4d   Thumb Code    26  stm32f10x_rtc.o(i.RTC_ITConfig)
    RTC_SetCounter                           0x08005a6d   Thumb Code    24  stm32f10x_rtc.o(i.RTC_SetCounter)
    RTC_SetPrescaler                         0x08005a89   Thumb Code    26  stm32f10x_rtc.o(i.RTC_SetPrescaler)
    RTC_WaitForLastTask                      0x08005aa9   Thumb Code    16  stm32f10x_rtc.o(i.RTC_WaitForLastTask)
    RTC_WaitForSynchro                       0x08005abd   Thumb Code    30  stm32f10x_rtc.o(i.RTC_WaitForSynchro)
    SDIO_ClearFlag                           0x08005bfd   Thumb Code     6  stm32f10x_sdio.o(i.SDIO_ClearFlag)
    SDIO_ClearITPendingBit                   0x08005c09   Thumb Code     6  stm32f10x_sdio.o(i.SDIO_ClearITPendingBit)
    SDIO_ClockCmd                            0x08005c15   Thumb Code     6  stm32f10x_sdio.o(i.SDIO_ClockCmd)
    SDIO_DMACmd                              0x08005c21   Thumb Code     6  stm32f10x_sdio.o(i.SDIO_DMACmd)
    SDIO_DataConfig                          0x08005c2d   Thumb Code    42  stm32f10x_sdio.o(i.SDIO_DataConfig)
    SDIO_DeInit                              0x08005c5d   Thumb Code    28  stm32f10x_sdio.o(i.SDIO_DeInit)
    SDIO_GetCommandResponse                  0x08005c81   Thumb Code     8  stm32f10x_sdio.o(i.SDIO_GetCommandResponse)
    SDIO_GetFlagStatus                       0x08005c8d   Thumb Code    20  stm32f10x_sdio.o(i.SDIO_GetFlagStatus)
    SDIO_GetPowerState                       0x08005ca5   Thumb Code    10  stm32f10x_sdio.o(i.SDIO_GetPowerState)
    SDIO_GetResponse                         0x08005cb5   Thumb Code    20  stm32f10x_sdio.o(i.SDIO_GetResponse)
    SDIO_IRQHandler                          0x08005ccd   Thumb Code    16  stm32f10x_it.o(i.SDIO_IRQHandler)
    SDIO_ITConfig                            0x08005cdd   Thumb Code    26  stm32f10x_sdio.o(i.SDIO_ITConfig)
    SDIO_Init                                0x08005cfd   Thumb Code    42  stm32f10x_sdio.o(i.SDIO_Init)
    SDIO_ReadData                            0x08005d2d   Thumb Code     6  stm32f10x_sdio.o(i.SDIO_ReadData)
    SDIO_SendCommand                         0x08005d39   Thumb Code    38  stm32f10x_sdio.o(i.SDIO_SendCommand)
    SDIO_SetPowerState                       0x08005d65   Thumb Code    22  stm32f10x_sdio.o(i.SDIO_SetPowerState)
    SD_EnableWideBusOperation                0x08005e59   Thumb Code   140  sdio_sdcard.o(i.SD_EnableWideBusOperation)
    SD_GetCardInfo                           0x08005eed   Thumb Code   700  sdio_sdcard.o(i.SD_GetCardInfo)
    SD_GetState                              0x080061b9   Thumb Code    26  sdio_sdcard.o(i.SD_GetState)
    SD_GetStatus                             0x080061d3   Thumb Code    30  sdio_sdcard.o(i.SD_GetStatus)
    SD_Init                                  0x080061f1   Thumb Code   102  sdio_sdcard.o(i.SD_Init)
    SD_InitializeCards                       0x08006261   Thumb Code   294  sdio_sdcard.o(i.SD_InitializeCards)
    SD_PowerON                               0x0800639d   Thumb Code   374  sdio_sdcard.o(i.SD_PowerON)
    SD_ProcessIRQSrc                         0x08006525   Thumb Code    70  sdio_sdcard.o(i.SD_ProcessIRQSrc)
    SD_ReadBlock                             0x0800657d   Thumb Code   192  sdio_sdcard.o(i.SD_ReadBlock)
    SD_ReadMultiBlocks                       0x08006659   Thumb Code   202  sdio_sdcard.o(i.SD_ReadMultiBlocks)
    SD_SelectDeselect                        0x08006741   Thumb Code    48  sdio_sdcard.o(i.SD_SelectDeselect)
    SD_SendStatus                            0x08006775   Thumb Code    46  sdio_sdcard.o(i.SD_SendStatus)
    SD_WaitReadOperation                     0x080067ad   Thumb Code    42  sdio_sdcard.o(i.SD_WaitReadOperation)
    SD_WaitWriteOperation                    0x080067e1   Thumb Code    50  sdio_sdcard.o(i.SD_WaitWriteOperation)
    SD_WriteBlock                            0x0800681d   Thumb Code   190  sdio_sdcard.o(i.SD_WriteBlock)
    SD_WriteMultiBlocks                      0x080068f9   Thumb Code   294  sdio_sdcard.o(i.SD_WriteMultiBlocks)
    SVC_Handler                              0x08006a41   Thumb Code     2  stm32f10x_it.o(i.SVC_Handler)
    Start_Task                               0x08006b2d   Thumb Code   638  main.o(i.Start_Task)
    SysTick_init                             0x08006ed1   Thumb Code    46  bsp.o(i.SysTick_init)
    SystemInit                               0x08006f05   Thumb Code    78  system_stm32f10x.o(i.SystemInit)
    T2Str                                    0x08006f65   Thumb Code   100  time.o(i.T2Str)
    Task_FM                                  0x08006fc9   Thumb Code   288  app.o(i.Task_FM)
    Task_LED                                 0x08007101   Thumb Code   140  app.o(i.Task_LED)
    Task_SF                                  0x080071c9   Thumb Code   370  app.o(i.Task_SF)
    Time_Adjust                              0x08007359   Thumb Code    38  rtc.o(i.Time_Adjust)
    Time_Get                                 0x08007381   Thumb Code    92  time.o(i.Time_Get)
    Time_Init                                0x080073e1   Thumb Code   176  time.o(i.Time_Init)
    Time_Str_Get                             0x08007499   Thumb Code   216  time.o(i.Time_Str_Get)
    Time_add_Day                             0x08007575   Thumb Code   140  time.o(i.Time_add_Day)
    USART1_IRQHandler                        0x0800760d   Thumb Code   326  usart.o(i.USART1_IRQHandler)
    USART1_SendData                          0x0800776d   Thumb Code    42  usart.o(i.USART1_SendData)
    USART_ClearITPendingBit                  0x0800779d   Thumb Code    30  stm32f10x_usart.o(i.USART_ClearITPendingBit)
    USART_Cmd                                0x080077bb   Thumb Code    24  stm32f10x_usart.o(i.USART_Cmd)
    USART_DeInit                             0x080077d5   Thumb Code   134  stm32f10x_usart.o(i.USART_DeInit)
    USART_GetFlagStatus                      0x08007871   Thumb Code    26  stm32f10x_usart.o(i.USART_GetFlagStatus)
    USART_GetITStatus                        0x0800788b   Thumb Code    84  stm32f10x_usart.o(i.USART_GetITStatus)
    USART_ITConfig                           0x080078df   Thumb Code    74  stm32f10x_usart.o(i.USART_ITConfig)
    USART_Init                               0x08007929   Thumb Code   210  stm32f10x_usart.o(i.USART_Init)
    USART_ReceiveData                        0x08007a01   Thumb Code    10  stm32f10x_usart.o(i.USART_ReceiveData)
    USART_SendData                           0x08007a0b   Thumb Code     8  stm32f10x_usart.o(i.USART_SendData)
    UsageFault_Handler                       0x08007a13   Thumb Code     4  stm32f10x_it.o(i.UsageFault_Handler)
    WRITE_LOG                                0x08007a19   Thumb Code   290  app.o(i.WRITE_LOG)
    _sys_exit                                0x08007b95   Thumb Code     4  usart.o(i._sys_exit)
    disk_initialize                          0x080084d3   Thumb Code    26  diskio.o(i.disk_initialize)
    disk_ioctl                               0x080084ed   Thumb Code     6  diskio.o(i.disk_ioctl)
    disk_read                                0x080084f3   Thumb Code    90  diskio.o(i.disk_read)
    disk_status                              0x0800854d   Thumb Code     6  diskio.o(i.disk_status)
    disk_write                               0x08008553   Thumb Code    78  diskio.o(i.disk_write)
    f_close                                  0x080085a1   Thumb Code    34  ff.o(i.f_close)
    f_mount                                  0x080085c5   Thumb Code    80  ff.o(i.f_mount)
    f_open                                   0x08008619   Thumb Code   494  ff.o(i.f_open)
    f_sync                                   0x08008807   Thumb Code   160  ff.o(i.f_sync)
    f_write                                  0x080088a7   Thumb Code   478  ff.o(i.f_write)
    ff_oem2uni                               0x08008a85   Thumb Code    38  ffunicode.o(i.ff_oem2uni)
    ff_uni2oem                               0x08008ab1   Thumb Code    58  ffunicode.o(i.ff_uni2oem)
    ff_wtoupper                              0x08008af1   Thumb Code   166  ffunicode.o(i.ff_wtoupper)
    genchar_buff1                            0x08009019   Thumb Code    12  fingerprint.o(i.genchar_buff1)
    genchar_buff2                            0x08009029   Thumb Code    12  fingerprint.o(i.genchar_buff2)
    get_Image                                0x08009039   Thumb Code    12  fingerprint.o(i.get_Image)
    get_ModelNum                             0x08009049   Thumb Code    12  fingerprint.o(i.get_ModelNum)
    get_fattime                              0x08009139   Thumb Code     4  diskio.o(i.get_fattime)
    get_regmodel                             0x08009189   Thumb Code    12  fingerprint.o(i.get_regmodel)
    get_search                               0x08009199   Thumb Code    12  fingerprint.o(i.get_search)
    get_storemodel                           0x080091a9   Thumb Code    52  fingerprint.o(i.get_storemodel)
    main                                     0x08009231   Thumb Code    66  main.o(i.main)
    mypow                                    0x08009311   Thumb Code    22  oled.o(i.mypow)
    oled_showerror                           0x08009329   Thumb Code   230  fingerprint.o(i.oled_showerror)
    systime_CB                               0x080098ad   Thumb Code   166  main.o(i.systime_CB)
    uart_init                                0x080099b5   Thumb Code   160  usart.o(i.uart_init)
    month_day1                               0x08009a98   Data          48  time.o(.constdata)
    month_day2                               0x08009ac8   Data          48  time.o(.constdata)
    asc2_1206                                0x08009b07   Data        1140  oled.o(.constdata)
    asc2_1608                                0x08009f7b   Data        1520  oled.o(.constdata)
    asc2_2412                                0x0800a56b   Data        3420  oled.o(.constdata)
    OSCfg_IdleTaskStkBasePtr                 0x0800b704   Data           4  os_cfg_app.o(.constdata)
    OSCfg_IdleTaskStkLimit                   0x0800b708   Data           4  os_cfg_app.o(.constdata)
    OSCfg_IdleTaskStkSize                    0x0800b70c   Data           4  os_cfg_app.o(.constdata)
    OSCfg_IdleTaskStkSizeRAM                 0x0800b710   Data           4  os_cfg_app.o(.constdata)
    OSCfg_IntQBasePtr                        0x0800b714   Data           4  os_cfg_app.o(.constdata)
    OSCfg_IntQSize                           0x0800b718   Data           2  os_cfg_app.o(.constdata)
    OSCfg_IntQSizeRAM                        0x0800b71c   Data           4  os_cfg_app.o(.constdata)
    OSCfg_IntQTaskStkBasePtr                 0x0800b720   Data           4  os_cfg_app.o(.constdata)
    OSCfg_IntQTaskStkLimit                   0x0800b724   Data           4  os_cfg_app.o(.constdata)
    OSCfg_IntQTaskStkSize                    0x0800b728   Data           4  os_cfg_app.o(.constdata)
    OSCfg_IntQTaskStkSizeRAM                 0x0800b72c   Data           4  os_cfg_app.o(.constdata)
    OSCfg_ISRStkBasePtr                      0x0800b730   Data           4  os_cfg_app.o(.constdata)
    OSCfg_ISRStkSize                         0x0800b734   Data           4  os_cfg_app.o(.constdata)
    OSCfg_ISRStkSizeRAM                      0x0800b738   Data           4  os_cfg_app.o(.constdata)
    OSCfg_MsgPoolSize                        0x0800b73c   Data           2  os_cfg_app.o(.constdata)
    OSCfg_MsgPoolSizeRAM                     0x0800b740   Data           4  os_cfg_app.o(.constdata)
    OSCfg_MsgPoolBasePtr                     0x0800b744   Data           4  os_cfg_app.o(.constdata)
    OSCfg_StatTaskPrio                       0x0800b748   Data           1  os_cfg_app.o(.constdata)
    OSCfg_StatTaskRate_Hz                    0x0800b74c   Data           4  os_cfg_app.o(.constdata)
    OSCfg_StatTaskStkBasePtr                 0x0800b750   Data           4  os_cfg_app.o(.constdata)
    OSCfg_StatTaskStkLimit                   0x0800b754   Data           4  os_cfg_app.o(.constdata)
    OSCfg_StatTaskStkSize                    0x0800b758   Data           4  os_cfg_app.o(.constdata)
    OSCfg_StatTaskStkSizeRAM                 0x0800b75c   Data           4  os_cfg_app.o(.constdata)
    OSCfg_StkSizeMin                         0x0800b760   Data           4  os_cfg_app.o(.constdata)
    OSCfg_TickRate_Hz                        0x0800b764   Data           4  os_cfg_app.o(.constdata)
    OSCfg_TickTaskPrio                       0x0800b768   Data           1  os_cfg_app.o(.constdata)
    OSCfg_TickTaskStkBasePtr                 0x0800b76c   Data           4  os_cfg_app.o(.constdata)
    OSCfg_TickTaskStkLimit                   0x0800b770   Data           4  os_cfg_app.o(.constdata)
    OSCfg_TickTaskStkSize                    0x0800b774   Data           4  os_cfg_app.o(.constdata)
    OSCfg_TickTaskStkSizeRAM                 0x0800b778   Data           4  os_cfg_app.o(.constdata)
    OSCfg_TickWheelSize                      0x0800b77c   Data           2  os_cfg_app.o(.constdata)
    OSCfg_TickWheelSizeRAM                   0x0800b780   Data           4  os_cfg_app.o(.constdata)
    OSCfg_TmrTaskPrio                        0x0800b784   Data           1  os_cfg_app.o(.constdata)
    OSCfg_TmrTaskRate_Hz                     0x0800b788   Data           4  os_cfg_app.o(.constdata)
    OSCfg_TmrTaskStkBasePtr                  0x0800b78c   Data           4  os_cfg_app.o(.constdata)
    OSCfg_TmrTaskStkLimit                    0x0800b790   Data           4  os_cfg_app.o(.constdata)
    OSCfg_TmrTaskStkSize                     0x0800b794   Data           4  os_cfg_app.o(.constdata)
    OSCfg_TmrTaskStkSizeRAM                  0x0800b798   Data           4  os_cfg_app.o(.constdata)
    OSCfg_TmrWheelSize                       0x0800b79c   Data           2  os_cfg_app.o(.constdata)
    OSCfg_TmrWheelSizeRAM                    0x0800b7a0   Data           4  os_cfg_app.o(.constdata)
    OSCfg_DataSizeRAM                        0x0800b7a4   Data           4  os_cfg_app.o(.constdata)
    OSDbg_DbgEn                              0x0800b7a8   Data           2  os_dbg.o(.constdata)
    OSDbg_ArgChkEn                           0x0800b7aa   Data           1  os_dbg.o(.constdata)
    OSDbg_AppHooksEn                         0x0800b7ab   Data           1  os_dbg.o(.constdata)
    OSDbg_EndiannessTest                     0x0800b7ac   Data           4  os_dbg.o(.constdata)
    OSDbg_CalledFromISRChkEn                 0x0800b7b0   Data           1  os_dbg.o(.constdata)
    OSDbg_FlagEn                             0x0800b7b1   Data           1  os_dbg.o(.constdata)
    OSDbg_FlagGrp                            0x0800b7b4   Data          40  os_dbg.o(.constdata)
    OSDbg_FlagDelEn                          0x0800b7dc   Data           1  os_dbg.o(.constdata)
    OSDbg_FlagModeClrEn                      0x0800b7dd   Data           1  os_dbg.o(.constdata)
    OSDbg_FlagPendAbortEn                    0x0800b7de   Data           1  os_dbg.o(.constdata)
    OSDbg_FlagGrpSize                        0x0800b7e0   Data           2  os_dbg.o(.constdata)
    OSDbg_FlagWidth                          0x0800b7e2   Data           2  os_dbg.o(.constdata)
    OSDbg_IntQ                               0x0800b7e4   Data           2  os_dbg.o(.constdata)
    OSDbg_ISRPostDeferredEn                  0x0800b7e6   Data           1  os_dbg.o(.constdata)
    OSDbg_Mem                                0x0800b7e8   Data          32  os_dbg.o(.constdata)
    OSDbg_MemEn                              0x0800b808   Data           1  os_dbg.o(.constdata)
    OSDbg_MemSize                            0x0800b80a   Data           2  os_dbg.o(.constdata)
    OSDbg_MsgEn                              0x0800b80c   Data           1  os_dbg.o(.constdata)
    OSDbg_MsgSize                            0x0800b80e   Data           2  os_dbg.o(.constdata)
    OSDbg_MsgPoolSize                        0x0800b810   Data           2  os_dbg.o(.constdata)
    OSDbg_MsgQSize                           0x0800b812   Data           2  os_dbg.o(.constdata)
    OSDbg_Mutex                              0x0800b814   Data          44  os_dbg.o(.constdata)
    OSDbg_MutexEn                            0x0800b840   Data           1  os_dbg.o(.constdata)
    OSDbg_MutexDelEn                         0x0800b841   Data           1  os_dbg.o(.constdata)
    OSDbg_MutexPendAbortEn                   0x0800b842   Data           1  os_dbg.o(.constdata)
    OSDbg_MutexSize                          0x0800b844   Data           2  os_dbg.o(.constdata)
    OSDbg_ObjTypeChkEn                       0x0800b846   Data           1  os_dbg.o(.constdata)
    OSDbg_PendMultiEn                        0x0800b847   Data           1  os_dbg.o(.constdata)
    OSDbg_PendDataSize                       0x0800b848   Data           2  os_dbg.o(.constdata)
    OSDbg_PendListSize                       0x0800b84a   Data           2  os_dbg.o(.constdata)
    OSDbg_PendObjSize                        0x0800b84c   Data           2  os_dbg.o(.constdata)
    OSDbg_PrioMax                            0x0800b84e   Data           2  os_dbg.o(.constdata)
    OSDbg_PrioTblSize                        0x0800b850   Data           2  os_dbg.o(.constdata)
    OSDbg_PtrSize                            0x0800b852   Data           2  os_dbg.o(.constdata)
    OSDbg_Q                                  0x0800b854   Data          48  os_dbg.o(.constdata)
    OSDbg_QEn                                0x0800b884   Data           1  os_dbg.o(.constdata)
    OSDbg_QDelEn                             0x0800b885   Data           1  os_dbg.o(.constdata)
    OSDbg_QFlushEn                           0x0800b886   Data           1  os_dbg.o(.constdata)
    OSDbg_QPendAbortEn                       0x0800b887   Data           1  os_dbg.o(.constdata)
    OSDbg_QSize                              0x0800b888   Data           2  os_dbg.o(.constdata)
    OSDbg_SchedRoundRobinEn                  0x0800b88a   Data           1  os_dbg.o(.constdata)
    OSDbg_Sem                                0x0800b88c   Data          40  os_dbg.o(.constdata)
    OSDbg_SemEn                              0x0800b8b4   Data           1  os_dbg.o(.constdata)
    OSDbg_SemDelEn                           0x0800b8b5   Data           1  os_dbg.o(.constdata)
    OSDbg_SemPendAbortEn                     0x0800b8b6   Data           1  os_dbg.o(.constdata)
    OSDbg_SemSetEn                           0x0800b8b7   Data           1  os_dbg.o(.constdata)
    OSDbg_SemSize                            0x0800b8b8   Data           2  os_dbg.o(.constdata)
    OSDbg_RdyList                            0x0800b8ba   Data           2  os_dbg.o(.constdata)
    OSDbg_RdyListSize                        0x0800b8bc   Data           4  os_dbg.o(.constdata)
    OSDbg_StkWidth                           0x0800b8c0   Data           1  os_dbg.o(.constdata)
    OSDbg_StatTaskEn                         0x0800b8c1   Data           1  os_dbg.o(.constdata)
    OSDbg_StatTaskStkChkEn                   0x0800b8c2   Data           1  os_dbg.o(.constdata)
    OSDbg_TaskChangePrioEn                   0x0800b8c3   Data           1  os_dbg.o(.constdata)
    OSDbg_TaskDelEn                          0x0800b8c4   Data           1  os_dbg.o(.constdata)
    OSDbg_TaskQEn                            0x0800b8c5   Data           1  os_dbg.o(.constdata)
    OSDbg_TaskQPendAbortEn                   0x0800b8c6   Data           1  os_dbg.o(.constdata)
    OSDbg_TaskProfileEn                      0x0800b8c7   Data           1  os_dbg.o(.constdata)
    OSDbg_TaskRegTblSize                     0x0800b8c8   Data           2  os_dbg.o(.constdata)
    OSDbg_TaskSemPendAbortEn                 0x0800b8ca   Data           1  os_dbg.o(.constdata)
    OSDbg_TaskSuspendEn                      0x0800b8cb   Data           1  os_dbg.o(.constdata)
    OSDbg_TCBSize                            0x0800b8cc   Data           2  os_dbg.o(.constdata)
    OSDbg_TickSpokeSize                      0x0800b8ce   Data           2  os_dbg.o(.constdata)
    OSDbg_TimeDlyHMSMEn                      0x0800b8d0   Data           1  os_dbg.o(.constdata)
    OSDbg_TimeDlyResumeEn                    0x0800b8d1   Data           1  os_dbg.o(.constdata)
    OSDbg_Tmr                                0x0800b8d4   Data          52  os_dbg.o(.constdata)
    OSDbg_TmrEn                              0x0800b908   Data           1  os_dbg.o(.constdata)
    OSDbg_TmrDelEn                           0x0800b909   Data           1  os_dbg.o(.constdata)
    OSDbg_TmrSize                            0x0800b90a   Data           2  os_dbg.o(.constdata)
    OSDbg_TmrSpokeSize                       0x0800b90c   Data           2  os_dbg.o(.constdata)
    OSDbg_VersionNbr                         0x0800b90e   Data           2  os_dbg.o(.constdata)
    OSDbg_DataSize                           0x0800b910   Data           4  os_dbg.o(.constdata)
    Region$$Table$$Base                      0x0800b914   Number         0  anon$$obj.o(Region$$Table)
    Region$$Table$$Limit                     0x0800b934   Number         0  anon$$obj.o(Region$$Table)
    FM_U                                     0x20000000   Data           4  app.o(.data)
    FM_F                                     0x20000004   Data           4  app.o(.data)
    SF_U                                     0x20000008   Data           4  app.o(.data)
    SF_F                                     0x2000000c   Data           4  app.o(.data)
    WR_U                                     0x20000010   Data           4  app.o(.data)
    WR_F                                     0x20000014   Data           4  app.o(.data)
    LE_U                                     0x20000018   Data           4  app.o(.data)
    LE_F                                     0x2000001c   Data           4  app.o(.data)
    res                                      0x20000020   Data           1  app.o(.data)
    br                                       0x20000024   Data           4  app.o(.data)
    __stdout                                 0x20000028   Data           4  usart.o(.data)
    USART_RX_STA                             0x2000002c   Data           2  usart.o(.data)
    RevFlag                                  0x2000002e   Data           1  usart.o(.data)
    UartCount                                0x2000002f   Data           1  usart.o(.data)
    UartLen                                  0x20000030   Data           1  usart.o(.data)
    UartStart                                0x20000031   Data           1  usart.o(.data)
    UartComp                                 0x20000032   Data           1  usart.o(.data)
    len                                      0x20000033   Data           1  usart.o(.data)
    crctemp                                  0x20000034   Data           2  usart.o(.data)
    GR_GetModelNum                           0x20000036   Data          12  fingerprint.o(.data)
    GR_Image                                 0x20000042   Data          12  fingerprint.o(.data)
    GR_Genchar_buff1                         0x2000004e   Data          13  fingerprint.o(.data)
    GR_Genchar_buff2                         0x2000005b   Data          13  fingerprint.o(.data)
    GR_Match                                 0x20000068   Data          12  fingerprint.o(.data)
    GR_Search                                0x20000074   Data          17  fingerprint.o(.data)
    GR_RegModel                              0x20000085   Data          12  fingerprint.o(.data)
    GR_Storechar                             0x20000091   Data          15  fingerprint.o(.data)
    StopCondition                            0x200000a8   Data           4  sdio_sdcard.o(.data)
    TransferError                            0x200000ac   Data           1  sdio_sdcard.o(.data)
    TransferEnd                              0x200000b0   Data           4  sdio_sdcard.o(.data)
    DMAEndOfTransfer                         0x200000b4   Data           4  sdio_sdcard.o(.data)
    TimeDisplay                              0x200000b8   Data           4  rtc.o(.data)
    SystemCoreClock                          0x200000d8   Data           4  system_stm32f10x.o(.data)
    AHBPrescTable                            0x200000dc   Data          16  system_stm32f10x.o(.data)
    OSPrioTbl                                0x200000ec   Data           8  os_prio.o(.data)
    OS_AppTaskCreateHookPtr                  0x200000f4   Data           4  os_var.o(.data)
    OS_AppTaskDelHookPtr                     0x200000f8   Data           4  os_var.o(.data)
    OS_AppTaskReturnHookPtr                  0x200000fc   Data           4  os_var.o(.data)
    OS_AppIdleTaskHookPtr                    0x20000100   Data           4  os_var.o(.data)
    OS_AppStatTaskHookPtr                    0x20000104   Data           4  os_var.o(.data)
    OS_AppTaskSwHookPtr                      0x20000108   Data           4  os_var.o(.data)
    OS_AppTimeTickHookPtr                    0x2000010c   Data           4  os_var.o(.data)
    OSIdleTaskCtr                            0x20000110   Data           4  os_var.o(.data)
    OSIntNestingCtr                          0x20000114   Data           1  os_var.o(.data)
    OSRunning                                0x20000115   Data           1  os_var.o(.data)
    OSIntQInPtr                              0x20000118   Data           4  os_var.o(.data)
    OSIntQOutPtr                             0x2000011c   Data           4  os_var.o(.data)
    OSIntQNbrEntries                         0x20000120   Data           2  os_var.o(.data)
    OSIntQMaxNbrEntries                      0x20000122   Data           2  os_var.o(.data)
    OSIntQOvfCtr                             0x20000124   Data           2  os_var.o(.data)
    OSIntQTaskTimeMax                        0x20000128   Data           4  os_var.o(.data)
    OSFlagDbgListPtr                         0x2000012c   Data           4  os_var.o(.data)
    OSFlagQty                                0x20000130   Data           2  os_var.o(.data)
    OSMemDbgListPtr                          0x20000134   Data           4  os_var.o(.data)
    OSMemQty                                 0x20000138   Data           2  os_var.o(.data)
    OSMsgPool                                0x2000013c   Data           8  os_var.o(.data)
    OSMutexDbgListPtr                        0x20000144   Data           4  os_var.o(.data)
    OSMutexQty                               0x20000148   Data           2  os_var.o(.data)
    OSPrioCur                                0x2000014a   Data           1  os_var.o(.data)
    OSPrioHighRdy                            0x2000014b   Data           1  os_var.o(.data)
    OSPrioSaved                              0x2000014c   Data           1  os_var.o(.data)
    OSQDbgListPtr                            0x20000150   Data           4  os_var.o(.data)
    OSQQty                                   0x20000154   Data           2  os_var.o(.data)
    OSSchedLockNestingCtr                    0x20000156   Data           1  os_var.o(.data)
    OSSchedRoundRobinDfltTimeQuanta          0x20000158   Data           4  os_var.o(.data)
    OSSchedRoundRobinEn                      0x2000015c   Data           1  os_var.o(.data)
    OSSemDbgListPtr                          0x20000160   Data           4  os_var.o(.data)
    OSSemQty                                 0x20000164   Data           2  os_var.o(.data)
    OSStatTaskCPUUsage                       0x20000166   Data           1  os_var.o(.data)
    OSStatTaskCtr                            0x20000168   Data           4  os_var.o(.data)
    OSStatTaskCtrMax                         0x2000016c   Data           4  os_var.o(.data)
    OSStatTaskCtrRun                         0x20000170   Data           4  os_var.o(.data)
    OSStatTaskRdy                            0x20000174   Data           1  os_var.o(.data)
    OSStatTaskTimeMax                        0x20000178   Data           4  os_var.o(.data)
    OSStatResetFlag                          0x2000017c   Data           1  os_var.o(.data)
    OSTaskCtxSwCtr                           0x20000180   Data           4  os_var.o(.data)
    OSTaskDbgListPtr                         0x20000184   Data           4  os_var.o(.data)
    OSTaskQty                                0x20000188   Data           2  os_var.o(.data)
    OSTickCtr                                0x2000018c   Data           4  os_var.o(.data)
    OSTickTaskTimeMax                        0x20000190   Data           4  os_var.o(.data)
    OSTmrDbgListPtr                          0x20000194   Data           4  os_var.o(.data)
    OSTmrQty                                 0x20000198   Data           2  os_var.o(.data)
    OSTmrTaskTimeMax                         0x2000019c   Data           4  os_var.o(.data)
    OSTmrTickCtr                             0x200001a0   Data           4  os_var.o(.data)
    OSTmrUpdateCnt                           0x200001a4   Data           4  os_var.o(.data)
    OSTmrUpdateCtr                           0x200001a8   Data           4  os_var.o(.data)
    OSTCBCurPtr                              0x200001ac   Data           4  os_var.o(.data)
    OSTCBHighRdyPtr                          0x200001b0   Data           4  os_var.o(.data)
    OS_CPU_ExceptStkBase                     0x200001b4   Data           4  os_cpu_c.o(.data)
    StartTaskTCB                             0x200001b8   Data         200  main.o(.bss)
    START_TASK_STK                           0x20000280   Data        2048  main.o(.bss)
    FmTaskTCB                                0x20000a80   Data         200  main.o(.bss)
    FM_TASK_STK                              0x20000b48   Data        2048  main.o(.bss)
    SfTaskTCB                                0x20001348   Data         200  main.o(.bss)
    SF_TASK_STK                              0x20001410   Data        2048  main.o(.bss)
    WriteTaskTCB                             0x20001c10   Data         200  main.o(.bss)
    WRITE_TASK_STK                           0x20001cd8   Data        2048  main.o(.bss)
    LedTaskTCB                               0x200024d8   Data         200  main.o(.bss)
    LED_TASK_STK                             0x200025a0   Data        2048  main.o(.bss)
    share_Usart                              0x20002da0   Data          40  main.o(.bss)
    Re_Finger                                0x20002dc8   Data          40  main.o(.bss)
    Write_SD                                 0x20002df0   Data          40  main.o(.bss)
    F_Log                                    0x20002e18   Data          32  main.o(.bss)
    F_log_M                                  0x20002e38   Data       10000  main.o(.bss)
    systime                                  0x20005548   Data          52  main.o(.bss)
    fs                                       0x2000557c   Data         564  main.o(.bss)
    List                                     0x200057b0   Data          12  app.o(.bss)
    show_time_str                            0x200057bc   Data          25  app.o(.bss)
    frd                                      0x200057d8   Data         552  app.o(.bss)
    show_date_str                            0x20005a00   Data          10  app.o(.bss)
    show_day_str                             0x20005a0a   Data          13  app.o(.bss)
    filename                                 0x20005a17   Data          13  app.o(.bss)
    USART_RX_BUF                             0x20005a24   Data         200  usart.o(.bss)
    Revtemp                                  0x20005aec   Data          50  usart.o(.bss)
    UartBuf                                  0x20005b1e   Data          50  usart.o(.bss)
    this_time                                0x20005b50   Data          12  time.o(.bss)
    work_day                                 0x20005b5c   Data          18  time.o(.bss)
    OLED_GRAM                                0x20005b6e   Data        1024  oled.o(.bss)
    SDCardInfo                               0x20005fa0   Data          80  sdio_sdcard.o(.bss)
    SDIO_InitStructure                       0x20005ff0   Data          24  sdio_sdcard.o(.bss)
    SDIO_CmdInitStructure                    0x20006008   Data          20  sdio_sdcard.o(.bss)
    SDIO_DataInitStructure                   0x2000601c   Data          24  sdio_sdcard.o(.bss)
    OSCfg_IdleTaskStk                        0x20006034   Data         512  os_cfg_app.o(.bss)
    OSCfg_IntQ                               0x20006234   Data         320  os_cfg_app.o(.bss)
    OSCfg_IntQTaskStk                        0x20006374   Data         512  os_cfg_app.o(.bss)
    OSCfg_ISRStk                             0x20006574   Data         512  os_cfg_app.o(.bss)
    OSCfg_MsgPool                            0x20006774   Data        1600  os_cfg_app.o(.bss)
    OSCfg_StatTaskStk                        0x20006db4   Data         512  os_cfg_app.o(.bss)
    OSCfg_TickTaskStk                        0x20006fb4   Data         512  os_cfg_app.o(.bss)
    OSCfg_TickWheel                          0x200071b4   Data         104  os_cfg_app.o(.bss)
    OSCfg_TmrTaskStk                         0x2000721c   Data         512  os_cfg_app.o(.bss)
    OSCfg_TmrWheel                           0x2000741c   Data         104  os_cfg_app.o(.bss)
    OSIdleTaskTCB                            0x20007488   Data         200  os_var.o(.bss)
    OSIntQTaskTCB                            0x20007550   Data         200  os_var.o(.bss)
    OSRdyList                                0x20007618   Data         768  os_var.o(.bss)
    OSStatTaskTCB                            0x20007918   Data         200  os_var.o(.bss)
    OSTickTaskTCB                            0x200079e0   Data         200  os_var.o(.bss)
    OSTmrTaskTCB                             0x20007aa8   Data         200  os_var.o(.bss)
    __libspace_start                         0x20007b70   Data          96  libspace.o(.bss)
    __temporary_stack_top$libspace           0x20007bd0   Data           0  libspace.o(.bss)



==============================================================================

Memory Map of the image

  Image Entry point : 0x08000131

  Load Region LR_IROM1 (Base: 0x08000000, Size: 0x0000baec, Max: 0x00080000, ABSOLUTE, COMPRESSED[0x0000b988])

    Execution Region ER_IROM1 (Base: 0x08000000, Size: 0x0000b934, Max: 0x00080000, ABSOLUTE)

    Base Addr    Size         Type   Attr      Idx    E Section Name        Object

    0x08000000   0x00000130   Data   RO         2409    RESET               startup_stm32f10x_hd.o
    0x08000130   0x00000008   Code   RO         4158  * !!!main             c_w.l(__main.o)
    0x08000138   0x00000034   Code   RO         4369    !!!scatter          c_w.l(__scatter.o)
    0x0800016c   0x0000005a   Code   RO         4367    !!dczerorl2         c_w.l(__dczerorl2.o)
    0x080001c6   0x00000002   PAD
    0x080001c8   0x0000001c   Code   RO         4371    !!handler_zi        c_w.l(__scatter_zi.o)
    0x080001e4   0x00000002   Code   RO         4310    .ARM.Collect$$libinit$$00000000  c_w.l(libinit.o)
    0x080001e6   0x00000000   Code   RO         4199    .ARM.Collect$$libinit$$00000002  c_w.l(libinit2.o)
    0x080001e6   0x00000000   Code   RO         4201    .ARM.Collect$$libinit$$00000004  c_w.l(libinit2.o)
    0x080001e6   0x00000000   Code   RO         4204    .ARM.Collect$$libinit$$0000000A  c_w.l(libinit2.o)
    0x080001e6   0x00000000   Code   RO         4206    .ARM.Collect$$libinit$$0000000C  c_w.l(libinit2.o)
    0x080001e6   0x00000000   Code   RO         4208    .ARM.Collect$$libinit$$0000000E  c_w.l(libinit2.o)
    0x080001e6   0x00000000   Code   RO         4211    .ARM.Collect$$libinit$$00000011  c_w.l(libinit2.o)
    0x080001e6   0x00000000   Code   RO         4213    .ARM.Collect$$libinit$$00000013  c_w.l(libinit2.o)
    0x080001e6   0x00000000   Code   RO         4215    .ARM.Collect$$libinit$$00000015  c_w.l(libinit2.o)
    0x080001e6   0x00000000   Code   RO         4217    .ARM.Collect$$libinit$$00000017  c_w.l(libinit2.o)
    0x080001e6   0x00000000   Code   RO         4219    .ARM.Collect$$libinit$$00000019  c_w.l(libinit2.o)
    0x080001e6   0x00000000   Code   RO         4221    .ARM.Collect$$libinit$$0000001B  c_w.l(libinit2.o)
    0x080001e6   0x00000000   Code   RO         4223    .ARM.Collect$$libinit$$0000001D  c_w.l(libinit2.o)
    0x080001e6   0x00000000   Code   RO         4225    .ARM.Collect$$libinit$$0000001F  c_w.l(libinit2.o)
    0x080001e6   0x00000000   Code   RO         4227    .ARM.Collect$$libinit$$00000021  c_w.l(libinit2.o)
    0x080001e6   0x00000000   Code   RO         4229    .ARM.Collect$$libinit$$00000023  c_w.l(libinit2.o)
    0x080001e6   0x00000000   Code   RO         4231    .ARM.Collect$$libinit$$00000025  c_w.l(libinit2.o)
    0x080001e6   0x00000000   Code   RO         4235    .ARM.Collect$$libinit$$0000002C  c_w.l(libinit2.o)
    0x080001e6   0x00000000   Code   RO         4237    .ARM.Collect$$libinit$$0000002E  c_w.l(libinit2.o)
    0x080001e6   0x00000000   Code   RO         4239    .ARM.Collect$$libinit$$00000030  c_w.l(libinit2.o)
    0x080001e6   0x00000000   Code   RO         4241    .ARM.Collect$$libinit$$00000032  c_w.l(libinit2.o)
    0x080001e6   0x00000002   Code   RO         4242    .ARM.Collect$$libinit$$00000033  c_w.l(libinit2.o)
    0x080001e8   0x00000002   Code   RO         4364    .ARM.Collect$$libshutdown$$00000000  c_w.l(libshutdown.o)
    0x080001ea   0x00000000   Code   RO         4324    .ARM.Collect$$libshutdown$$00000002  c_w.l(libshutdown2.o)
    0x080001ea   0x00000000   Code   RO         4326    .ARM.Collect$$libshutdown$$00000004  c_w.l(libshutdown2.o)
    0x080001ea   0x00000000   Code   RO         4329    .ARM.Collect$$libshutdown$$00000007  c_w.l(libshutdown2.o)
    0x080001ea   0x00000000   Code   RO         4332    .ARM.Collect$$libshutdown$$0000000A  c_w.l(libshutdown2.o)
    0x080001ea   0x00000000   Code   RO         4334    .ARM.Collect$$libshutdown$$0000000C  c_w.l(libshutdown2.o)
    0x080001ea   0x00000000   Code   RO         4337    .ARM.Collect$$libshutdown$$0000000F  c_w.l(libshutdown2.o)
    0x080001ea   0x00000002   Code   RO         4338    .ARM.Collect$$libshutdown$$00000010  c_w.l(libshutdown2.o)
    0x080001ec   0x00000000   Code   RO         4164    .ARM.Collect$$rtentry$$00000000  c_w.l(__rtentry.o)
    0x080001ec   0x00000000   Code   RO         4249    .ARM.Collect$$rtentry$$00000002  c_w.l(__rtentry2.o)
    0x080001ec   0x00000006   Code   RO         4261    .ARM.Collect$$rtentry$$00000004  c_w.l(__rtentry4.o)
    0x080001f2   0x00000000   Code   RO         4251    .ARM.Collect$$rtentry$$00000009  c_w.l(__rtentry2.o)
    0x080001f2   0x00000004   Code   RO         4252    .ARM.Collect$$rtentry$$0000000A  c_w.l(__rtentry2.o)
    0x080001f6   0x00000000   Code   RO         4254    .ARM.Collect$$rtentry$$0000000C  c_w.l(__rtentry2.o)
    0x080001f6   0x00000008   Code   RO         4255    .ARM.Collect$$rtentry$$0000000D  c_w.l(__rtentry2.o)
    0x080001fe   0x00000002   Code   RO         4311    .ARM.Collect$$rtexit$$00000000  c_w.l(rtexit.o)
    0x08000200   0x00000000   Code   RO         4340    .ARM.Collect$$rtexit$$00000002  c_w.l(rtexit2.o)
    0x08000200   0x00000004   Code   RO         4341    .ARM.Collect$$rtexit$$00000003  c_w.l(rtexit2.o)
    0x08000204   0x00000006   Code   RO         4342    .ARM.Collect$$rtexit$$00000004  c_w.l(rtexit2.o)
    0x0800020a   0x00000002   PAD
    0x0800020c   0x00000040   Code   RO         2410    .text               startup_stm32f10x_hd.o
    0x0800024c   0x0000002a   Code   RO         2882    .text               cpu_a.o
    0x08000276   0x00000002   PAD
    0x08000278   0x00000084   Code   RO         4081    .text               os_cpu_a.o
    0x080002fc   0x00000002   Code   RO         4086    .text               c_w.l(use_no_semi_2.o)
    0x080002fe   0x000000ee   Code   RO         4150    .text               c_w.l(lludivv7m.o)
    0x080003ec   0x0000003e   Code   RO         4152    .text               c_w.l(strlen.o)
    0x0800042a   0x00000018   Code   RO         4154    .text               c_w.l(strcat.o)
    0x08000442   0x00000006   Code   RO         4156    .text               c_w.l(heapauxi.o)
    0x08000448   0x00000002   Code   RO         4160    .text               c_w.l(use_no_semi.o)
    0x0800044a   0x00000002   PAD
    0x0800044c   0x00000008   Code   RO         4245    .text               c_w.l(libspace.o)
    0x08000454   0x0000004a   Code   RO         4285    .text               c_w.l(sys_stackheap_outer.o)
    0x0800049e   0x00000012   Code   RO         4291    .text               c_w.l(exit.o)
    0x080004b0   0x00000064   Code   RO          475    i.ADD_Record        list.o
    0x08000514   0x00000010   Code   RO         2127    i.BKP_DeInit        stm32f10x_bkp.o
    0x08000524   0x0000001c   Code   RO         2132    i.BKP_ReadBackupRegister  stm32f10x_bkp.o
    0x08000540   0x0000001c   Code   RO         2136    i.BKP_WriteBackupRegister  stm32f10x_bkp.o
    0x0800055c   0x00000004   Code   RO          165    i.BusFault_Handler  stm32f10x_it.o
    0x08000560   0x00000002   Code   RO         2861    i.CPU_Init          cpu_core.o
    0x08000562   0x0000002c   Code   RO          690    i.CmdError          sdio_sdcard.o
    0x0800058e   0x00000002   PAD
    0x08000590   0x00000028   Code   RO          691    i.CmdResp1Error     sdio_sdcard.o
    0x080005b8   0x0000004c   Code   RO          692    i.CmdResp2Error     sdio_sdcard.o
    0x08000604   0x00000038   Code   RO          693    i.CmdResp3Error     sdio_sdcard.o
    0x0800063c   0x0000009c   Code   RO          694    i.CmdResp6Error     sdio_sdcard.o
    0x080006d8   0x0000004c   Code   RO          695    i.CmdResp7Error     sdio_sdcard.o
    0x08000724   0x0000007a   Code   RO          411    i.D2Str             time.o
    0x0800079e   0x00000002   PAD
    0x080007a0   0x0000001c   Code   RO         1867    i.DMA_ClearFlag     stm32f10x_dma.o
    0x080007bc   0x00000018   Code   RO         1869    i.DMA_Cmd           stm32f10x_dma.o
    0x080007d4   0x0000002c   Code   RO         1872    i.DMA_GetFlagStatus  stm32f10x_dma.o
    0x08000800   0x0000003c   Code   RO         1875    i.DMA_Init          stm32f10x_dma.o
    0x0800083c   0x00000002   Code   RO          166    i.DebugMon_Handler  stm32f10x_it.o
    0x0800083e   0x00000002   PAD
    0x08000840   0x00000038   Code   RO          477    i.Del_Item          list.o
    0x08000878   0x0000019c   Code   RO          696    i.FindSCR           sdio_sdcard.o
    0x08000a14   0x00000050   Code   RO          697    i.GPIO_Configuration  sdio_sdcard.o
    0x08000a64   0x00000116   Code   RO         1379    i.GPIO_Init         stm32f10x_gpio.o
    0x08000b7a   0x00000004   Code   RO         1386    i.GPIO_ResetBits    stm32f10x_gpio.o
    0x08000b7e   0x00000004   Code   RO         1387    i.GPIO_SetBits      stm32f10x_gpio.o
    0x08000b82   0x00000004   Code   RO         1389    i.GPIO_Write        stm32f10x_gpio.o
    0x08000b86   0x00000004   Code   RO          167    i.HardFault_Handler  stm32f10x_it.o
    0x08000b8a   0x00000002   PAD
    0x08000b8c   0x00000120   Code   RO          529    i.IS_OK             fingerprint.o
    0x08000cac   0x0000000e   Code   RO          478    i.IsListEmpty       list.o
    0x08000cba   0x00000032   Code   RO          413    i.Is_Leap           time.o
    0x08000cec   0x00000060   Code   RO          310    i.LED_GPIO_Config   led.o
    0x08000d4c   0x0000000a   Code   RO          480    i.List_Init         list.o
    0x08000d56   0x00000004   Code   RO          168    i.MemManage_Handler  stm32f10x_it.o
    0x08000d5a   0x00000002   Code   RO          169    i.NMI_Handler       stm32f10x_it.o
    0x08000d5c   0x00000046   Code   RO          275    i.NVIC_Configuration  bsp.o
    0x08000da2   0x00000002   PAD
    0x08000da4   0x00000070   Code   RO         1337    i.NVIC_Init         misc.o
    0x08000e14   0x00000014   Code   RO         1338    i.NVIC_PriorityGroupConfig  misc.o
    0x08000e28   0x00000030   Code   RO          602    i.OLED_Clear        oled.o
    0x08000e58   0x00000068   Code   RO          605    i.OLED_DrawPoint    oled.o
    0x08000ec0   0x00000174   Code   RO          607    i.OLED_Init         oled.o
    0x08001034   0x0000004c   Code   RO          608    i.OLED_Refresh_Gram  oled.o
    0x08001080   0x0000010c   Code   RO          609    i.OLED_ShowChar     oled.o
    0x0800118c   0x00000094   Code   RO          610    i.OLED_ShowNum      oled.o
    0x08001220   0x0000005e   Code   RO          611    i.OLED_ShowString   oled.o
    0x0800127e   0x00000002   PAD
    0x08001280   0x00000064   Code   RO          612    i.OLED_WR_Byte      oled.o
    0x080012e4   0x000000fc   Code   RO         2885    i.OSCfg_Init        os_cfg_app.o
    0x080013e0   0x00000014   Code   RO         4003    i.OSIdleTaskHook    os_cpu_c.o
    0x080013f4   0x00000144   Code   RO         2905    i.OSInit            os_core.o
    0x08001538   0x00000020   Code   RO         4004    i.OSInitHook        os_cpu_c.o
    0x08001558   0x0000002c   Code   RO         2906    i.OSIntEnter        os_core.o
    0x08001584   0x000000e4   Code   RO         2907    i.OSIntExit         os_core.o
    0x08001668   0x00000164   Code   RO         3268    i.OSMemCreate       os_mem.o
    0x080017cc   0x00000064   Code   RO         3269    i.OSMemGet          os_mem.o
    0x08001830   0x00000070   Code   RO         3270    i.OSMemPut          os_mem.o
    0x080018a0   0x000000a8   Code   RO         2908    i.OSSched           os_core.o
    0x08001948   0x00000070   Code   RO         2909    i.OSSchedLock       os_core.o
    0x080019b8   0x00000064   Code   RO         2910    i.OSSchedRoundRobinCfg  os_core.o
    0x08001a1c   0x00000090   Code   RO         2912    i.OSSchedUnlock     os_core.o
    0x08001aac   0x00000080   Code   RO         3557    i.OSSemCreate       os_sem.o
    0x08001b2c   0x000001e0   Code   RO         3559    i.OSSemPend         os_sem.o
    0x08001d0c   0x0000006c   Code   RO         3561    i.OSSemPost         os_sem.o
    0x08001d78   0x00000080   Code   RO         3562    i.OSSemSet          os_sem.o
    0x08001df8   0x00000068   Code   RO         2913    i.OSStart           os_core.o
    0x08001e60   0x000000c8   Code   RO         3629    i.OSStatReset       os_stat.o
    0x08001f28   0x000000c0   Code   RO         3630    i.OSStatTaskCPUUsageInit  os_stat.o
    0x08001fe8   0x00000014   Code   RO         4005    i.OSStatTaskHook    os_cpu_c.o
    0x08001ffc   0x0000025c   Code   RO         3660    i.OSTaskCreate      os_task.o
    0x08002258   0x00000018   Code   RO         4006    i.OSTaskCreateHook  os_cpu_c.o
    0x08002270   0x000001c4   Code   RO         3661    i.OSTaskDel         os_task.o
    0x08002434   0x00000018   Code   RO         4007    i.OSTaskDelHook     os_cpu_c.o
    0x0800244c   0x00000178   Code   RO         3668    i.OSTaskResume      os_task.o
    0x080025c4   0x00000018   Code   RO         4008    i.OSTaskReturnHook  os_cpu_c.o
    0x080025dc   0x000001f4   Code   RO         3669    i.OSTaskSemPend     os_task.o
    0x080027d0   0x000000d4   Code   RO         3673    i.OSTaskStkChk      os_task.o
    0x080028a4   0x000000c0   Code   RO         4009    i.OSTaskStkInit     os_cpu_c.o
    0x08002964   0x00000188   Code   RO         3674    i.OSTaskSuspend     os_task.o
    0x08002aec   0x00000068   Code   RO         4010    i.OSTaskSwHook      os_cpu_c.o
    0x08002b54   0x00000118   Code   RO         3857    i.OSTimeDly         os_time.o
    0x08002c6c   0x000001f0   Code   RO         3858    i.OSTimeDlyHMSM     os_time.o
    0x08002e5c   0x00000040   Code   RO         3862    i.OSTimeTick        os_time.o
    0x08002e9c   0x00000014   Code   RO         4011    i.OSTimeTickHook    os_cpu_c.o
    0x08002eb0   0x000000cc   Code   RO         3899    i.OSTmrCreate       os_tmr.o
    0x08002f7c   0x000000ac   Code   RO         3902    i.OSTmrStart        os_tmr.o
    0x08003028   0x00000038   Code   RO         4012    i.OS_CPU_SysTickHandler  os_cpu_c.o
    0x08003060   0x000001b0   Code   RO         3139    i.OS_Dbg_Init       os_dbg.o
    0x08003210   0x00000018   Code   RO         3164    i.OS_FlagInit       os_flag.o
    0x08003228   0x00000230   Code   RO         3165    i.OS_FlagPost       os_flag.o
    0x08003458   0x00000056   Code   RO         3166    i.OS_FlagTaskRdy    os_flag.o
    0x080034ae   0x00000002   PAD
    0x080034b0   0x00000044   Code   RO         2915    i.OS_IdleTask       os_core.o
    0x080034f4   0x00000070   Code   RO         2916    i.OS_IdleTaskInit   os_core.o
    0x08003564   0x000000f8   Code   RO         3238    i.OS_IntQPost       os_int.o
    0x0800365c   0x00000168   Code   RO         3239    i.OS_IntQRePost     os_int.o
    0x080037c4   0x00000090   Code   RO         3240    i.OS_IntQTask       os_int.o
    0x08003854   0x00000128   Code   RO         3241    i.OS_IntQTaskInit   os_int.o
    0x0800397c   0x00000028   Code   RO         3271    i.OS_MemDbgListAdd  os_mem.o
    0x080039a4   0x00000018   Code   RO         3272    i.OS_MemInit        os_mem.o
    0x080039bc   0x00000036   Code   RO         3305    i.OS_MsgPoolCreate  os_msg.o
    0x080039f2   0x00000002   PAD
    0x080039f4   0x00000050   Code   RO         3306    i.OS_MsgPoolInit    os_msg.o
    0x08003a44   0x00000044   Code   RO         3308    i.OS_MsgQFreeAll    os_msg.o
    0x08003a88   0x0000000e   Code   RO         3310    i.OS_MsgQInit       os_msg.o
    0x08003a96   0x00000002   PAD
    0x08003a98   0x000000dc   Code   RO         3311    i.OS_MsgQPut        os_msg.o
    0x08003b74   0x00000018   Code   RO         3366    i.OS_MutexInit      os_mutex.o
    0x08003b8c   0x00000068   Code   RO         2917    i.OS_Pend           os_core.o
    0x08003bf4   0x00000026   Code   RO         2920    i.OS_PendDataInit   os_core.o
    0x08003c1a   0x00000002   PAD
    0x08003c1c   0x0000005c   Code   RO         2921    i.OS_PendDbgNameAdd  os_core.o
    0x08003c78   0x00000024   Code   RO         2922    i.OS_PendDbgNameRemove  os_core.o
    0x08003c9c   0x0000000a   Code   RO         2924    i.OS_PendListInit   os_core.o
    0x08003ca6   0x00000066   Code   RO         2926    i.OS_PendListInsertPrio  os_core.o
    0x08003d0c   0x00000030   Code   RO         2927    i.OS_PendListRemove  os_core.o
    0x08003d3c   0x00000042   Code   RO         2928    i.OS_PendListRemove1  os_core.o
    0x08003d7e   0x000000c0   Code   RO         2931    i.OS_Post           os_core.o
    0x08003e3e   0x0000002a   Code   RO         2932    i.OS_Post1          os_core.o
    0x08003e68   0x00000028   Code   RO         3448    i.OS_PrioGetHighest  os_prio.o
    0x08003e90   0x00000018   Code   RO         3449    i.OS_PrioInit       os_prio.o
    0x08003ea8   0x00000024   Code   RO         3450    i.OS_PrioInsert     os_prio.o
    0x08003ecc   0x00000024   Code   RO         3451    i.OS_PrioRemove     os_prio.o
    0x08003ef0   0x00000018   Code   RO         3494    i.OS_QInit          os_q.o
    0x08003f08   0x0000014c   Code   RO         3495    i.OS_QPost          os_q.o
    0x08004054   0x00000024   Code   RO         2933    i.OS_RdyListInit    os_core.o
    0x08004078   0x0000002c   Code   RO         2934    i.OS_RdyListInsert  os_core.o
    0x080040a4   0x00000040   Code   RO         2935    i.OS_RdyListInsertHead  os_core.o
    0x080040e4   0x0000003c   Code   RO         2936    i.OS_RdyListInsertTail  os_core.o
    0x08004120   0x00000044   Code   RO         2937    i.OS_RdyListMoveHeadToTail  os_core.o
    0x08004164   0x0000005c   Code   RO         2938    i.OS_RdyListRemove  os_core.o
    0x080041c0   0x0000005c   Code   RO         2939    i.OS_Sched0         os_core.o
    0x0800421c   0x000000d0   Code   RO         2940    i.OS_SchedRoundRobin  os_core.o
    0x080042ec   0x00000030   Code   RO         3564    i.OS_SemDbgListAdd  os_sem.o
    0x0800431c   0x00000018   Code   RO         3566    i.OS_SemInit        os_sem.o
    0x08004334   0x00000164   Code   RO         3567    i.OS_SemPost        os_sem.o
    0x08004498   0x0000022c   Code   RO         3631    i.OS_StatTask       os_stat.o
    0x080046c4   0x000000cc   Code   RO         3632    i.OS_StatTaskInit   os_stat.o
    0x08004790   0x00000038   Code   RO         2941    i.OS_TaskBlock      os_core.o
    0x080047c8   0x00000030   Code   RO         3676    i.OS_TaskDbgListAdd  os_task.o
    0x080047f8   0x00000044   Code   RO         3677    i.OS_TaskDbgListRemove  os_task.o
    0x0800483c   0x00000020   Code   RO         3678    i.OS_TaskInit       os_task.o
    0x0800485c   0x000000c4   Code   RO         3679    i.OS_TaskInitTCB    os_task.o
    0x08004920   0x0000020c   Code   RO         3680    i.OS_TaskQPost      os_task.o
    0x08004b2c   0x0000001c   Code   RO         2942    i.OS_TaskRdy        os_core.o
    0x08004b48   0x00000018   Code   RO         3681    i.OS_TaskReturn     os_task.o
    0x08004b60   0x00000358   Code   RO         3682    i.OS_TaskSemPost    os_task.o
    0x08004eb8   0x00000028   Code   RO         3809    i.OS_TickListInit   os_tick.o
    0x08004ee0   0x000001bc   Code   RO         3810    i.OS_TickListInsert  os_tick.o
    0x0800509c   0x00000038   Code   RO         3811    i.OS_TickListRemove  os_tick.o
    0x080050d4   0x00000024   Code   RO         3812    i.OS_TickListResetPeak  os_tick.o
    0x080050f8   0x000001ec   Code   RO         3813    i.OS_TickListUpdate  os_tick.o
    0x080052e4   0x0000002c   Code   RO         3814    i.OS_TickTask       os_tick.o
    0x08005310   0x00000090   Code   RO         3815    i.OS_TickTaskInit   os_tick.o
    0x080053a0   0x00000028   Code   RO         3906    i.OS_TmrDbgListAdd  os_tmr.o
    0x080053c8   0x00000128   Code   RO         3908    i.OS_TmrInit        os_tmr.o
    0x080054f0   0x000000d0   Code   RO         3909    i.OS_TmrLink        os_tmr.o
    0x080055c0   0x00000024   Code   RO         3910    i.OS_TmrResetPeak   os_tmr.o
    0x080055e4   0x000000b8   Code   RO         3911    i.OS_TmrTask        os_tmr.o
    0x0800569c   0x00000050   Code   RO         3912    i.OS_TmrUnlink      os_tmr.o
    0x080056ec   0x0000000c   Code   RO         2293    i.PWR_BackupAccessCmd  stm32f10x_pwr.o
    0x080056f8   0x00000020   Code   RO         1488    i.RCC_AHBPeriphClockCmd  stm32f10x_rcc.o
    0x08005718   0x00000020   Code   RO         1489    i.RCC_APB1PeriphClockCmd  stm32f10x_rcc.o
    0x08005738   0x00000020   Code   RO         1490    i.RCC_APB1PeriphResetCmd  stm32f10x_rcc.o
    0x08005758   0x00000020   Code   RO         1491    i.RCC_APB2PeriphClockCmd  stm32f10x_rcc.o
    0x08005778   0x00000020   Code   RO         1492    i.RCC_APB2PeriphResetCmd  stm32f10x_rcc.o
    0x08005798   0x0000000c   Code   RO         1494    i.RCC_BackupResetCmd  stm32f10x_rcc.o
    0x080057a4   0x00000014   Code   RO         1495    i.RCC_ClearFlag     stm32f10x_rcc.o
    0x080057b8   0x000000d4   Code   RO         1499    i.RCC_GetClocksFreq  stm32f10x_rcc.o
    0x0800588c   0x0000003c   Code   RO         1500    i.RCC_GetFlagStatus  stm32f10x_rcc.o
    0x080058c8   0x00000034   Code   RO         1507    i.RCC_LSEConfig     stm32f10x_rcc.o
    0x080058fc   0x0000000c   Code   RO         1514    i.RCC_RTCCLKCmd     stm32f10x_rcc.o
    0x08005908   0x00000010   Code   RO         1515    i.RCC_RTCCLKConfig  stm32f10x_rcc.o
    0x08005918   0x00000010   Code   RO         2204    i.RTC_ClearITPendingBit  stm32f10x_rtc.o
    0x08005928   0x00000058   Code   RO          912    i.RTC_Configuration  rtc.o
    0x08005980   0x00000014   Code   RO         2205    i.RTC_EnterConfigMode  stm32f10x_rtc.o
    0x08005994   0x00000014   Code   RO         2206    i.RTC_ExitConfigMode  stm32f10x_rtc.o
    0x080059a8   0x00000014   Code   RO         2207    i.RTC_GetCounter    stm32f10x_rtc.o
    0x080059bc   0x00000024   Code   RO         2210    i.RTC_GetITStatus   stm32f10x_rtc.o
    0x080059e0   0x0000006c   Code   RO          170    i.RTC_IRQHandler    stm32f10x_it.o
    0x08005a4c   0x00000020   Code   RO         2211    i.RTC_ITConfig      stm32f10x_rtc.o
    0x08005a6c   0x0000001c   Code   RO         2213    i.RTC_SetCounter    stm32f10x_rtc.o
    0x08005a88   0x00000020   Code   RO         2214    i.RTC_SetPrescaler  stm32f10x_rtc.o
    0x08005aa8   0x00000014   Code   RO         2215    i.RTC_WaitForLastTask  stm32f10x_rtc.o
    0x08005abc   0x00000024   Code   RO         2216    i.RTC_WaitForSynchro  stm32f10x_rtc.o
    0x08005ae0   0x0000011c   Code   RO          699    i.SDEnWideBus       sdio_sdcard.o
    0x08005bfc   0x0000000c   Code   RO         1940    i.SDIO_ClearFlag    stm32f10x_sdio.o
    0x08005c08   0x0000000c   Code   RO         1941    i.SDIO_ClearITPendingBit  stm32f10x_sdio.o
    0x08005c14   0x0000000c   Code   RO         1942    i.SDIO_ClockCmd     stm32f10x_sdio.o
    0x08005c20   0x0000000c   Code   RO         1945    i.SDIO_DMACmd       stm32f10x_sdio.o
    0x08005c2c   0x00000030   Code   RO         1946    i.SDIO_DataConfig   stm32f10x_sdio.o
    0x08005c5c   0x00000024   Code   RO         1948    i.SDIO_DeInit       stm32f10x_sdio.o
    0x08005c80   0x0000000c   Code   RO         1949    i.SDIO_GetCommandResponse  stm32f10x_sdio.o
    0x08005c8c   0x00000018   Code   RO         1952    i.SDIO_GetFlagStatus  stm32f10x_sdio.o
    0x08005ca4   0x00000010   Code   RO         1954    i.SDIO_GetPowerState  stm32f10x_sdio.o
    0x08005cb4   0x00000018   Code   RO         1955    i.SDIO_GetResponse  stm32f10x_sdio.o
    0x08005ccc   0x00000010   Code   RO          171    i.SDIO_IRQHandler   stm32f10x_it.o
    0x08005cdc   0x00000020   Code   RO         1956    i.SDIO_ITConfig     stm32f10x_sdio.o
    0x08005cfc   0x00000030   Code   RO         1957    i.SDIO_Init         stm32f10x_sdio.o
    0x08005d2c   0x0000000c   Code   RO         1958    i.SDIO_ReadData     stm32f10x_sdio.o
    0x08005d38   0x0000002c   Code   RO         1960    i.SDIO_SendCommand  stm32f10x_sdio.o
    0x08005d64   0x0000001c   Code   RO         1962    i.SDIO_SetPowerState  stm32f10x_sdio.o
    0x08005d80   0x00000010   Code   RO          700    i.SD_DMAEndOfTransferStatus  sdio_sdcard.o
    0x08005d90   0x00000064   Code   RO          701    i.SD_DMA_RxConfig   sdio_sdcard.o
    0x08005df4   0x00000064   Code   RO          702    i.SD_DMA_TxConfig   sdio_sdcard.o
    0x08005e58   0x00000094   Code   RO          704    i.SD_EnableWideBusOperation  sdio_sdcard.o
    0x08005eec   0x000002cc   Code   RO          706    i.SD_GetCardInfo    sdio_sdcard.o
    0x080061b8   0x0000001a   Code   RO          708    i.SD_GetState       sdio_sdcard.o
    0x080061d2   0x0000001e   Code   RO          709    i.SD_GetStatus      sdio_sdcard.o
    0x080061f0   0x00000070   Code   RO          711    i.SD_Init           sdio_sdcard.o
    0x08006260   0x0000013c   Code   RO          712    i.SD_InitializeCards  sdio_sdcard.o
    0x0800639c   0x00000188   Code   RO          714    i.SD_PowerON        sdio_sdcard.o
    0x08006524   0x00000058   Code   RO          715    i.SD_ProcessIRQSrc  sdio_sdcard.o
    0x0800657c   0x000000dc   Code   RO          716    i.SD_ReadBlock      sdio_sdcard.o
    0x08006658   0x000000e8   Code   RO          717    i.SD_ReadMultiBlocks  sdio_sdcard.o
    0x08006740   0x00000034   Code   RO          718    i.SD_SelectDeselect  sdio_sdcard.o
    0x08006774   0x00000038   Code   RO          720    i.SD_SendStatus     sdio_sdcard.o
    0x080067ac   0x00000034   Code   RO          722    i.SD_WaitReadOperation  sdio_sdcard.o
    0x080067e0   0x0000003c   Code   RO          723    i.SD_WaitWriteOperation  sdio_sdcard.o
    0x0800681c   0x000000dc   Code   RO          724    i.SD_WriteBlock     sdio_sdcard.o
    0x080068f8   0x00000148   Code   RO          725    i.SD_WriteMultiBlocks  sdio_sdcard.o
    0x08006a40   0x00000002   Code   RO          172    i.SVC_Handler       stm32f10x_it.o
    0x08006a42   0x00000008   Code   RO         2363    i.SetSysClock       system_stm32f10x.o
    0x08006a4a   0x00000002   PAD
    0x08006a4c   0x000000e0   Code   RO         2364    i.SetSysClockTo72   system_stm32f10x.o
    0x08006b2c   0x00000350   Code   RO            1    i.Start_Task        main.o
    0x08006e7c   0x00000054   Code   RO          276    i.SysTick_Config    bsp.o
    0x08006ed0   0x00000034   Code   RO          277    i.SysTick_init      bsp.o
    0x08006f04   0x00000060   Code   RO         2366    i.SystemInit        system_stm32f10x.o
    0x08006f64   0x00000064   Code   RO          414    i.T2Str             time.o
    0x08006fc8   0x00000138   Code   RO          236    i.Task_FM           app.o
    0x08007100   0x000000c8   Code   RO          237    i.Task_LED          app.o
    0x080071c8   0x00000190   Code   RO          238    i.Task_SF           app.o
    0x08007358   0x00000026   Code   RO          913    i.Time_Adjust       rtc.o
    0x0800737e   0x00000002   PAD
    0x08007380   0x00000060   Code   RO          415    i.Time_Get          time.o
    0x080073e0   0x000000b8   Code   RO          416    i.Time_Init         time.o
    0x08007498   0x000000dc   Code   RO          417    i.Time_Str_Get      time.o
    0x08007574   0x00000098   Code   RO          418    i.Time_add_Day      time.o
    0x0800760c   0x00000160   Code   RO          325    i.USART1_IRQHandler  usart.o
    0x0800776c   0x00000030   Code   RO          327    i.USART1_SendData   usart.o
    0x0800779c   0x0000001e   Code   RO         1688    i.USART_ClearITPendingBit  stm32f10x_usart.o
    0x080077ba   0x00000018   Code   RO         1691    i.USART_Cmd         stm32f10x_usart.o
    0x080077d2   0x00000002   PAD
    0x080077d4   0x0000009c   Code   RO         1693    i.USART_DeInit      stm32f10x_usart.o
    0x08007870   0x0000001a   Code   RO         1694    i.USART_GetFlagStatus  stm32f10x_usart.o
    0x0800788a   0x00000054   Code   RO         1695    i.USART_GetITStatus  stm32f10x_usart.o
    0x080078de   0x0000004a   Code   RO         1697    i.USART_ITConfig    stm32f10x_usart.o
    0x08007928   0x000000d8   Code   RO         1698    i.USART_Init        stm32f10x_usart.o
    0x08007a00   0x0000000a   Code   RO         1705    i.USART_ReceiveData  stm32f10x_usart.o
    0x08007a0a   0x00000008   Code   RO         1708    i.USART_SendData    stm32f10x_usart.o
    0x08007a12   0x00000004   Code   RO          174    i.UsageFault_Handler  stm32f10x_it.o
    0x08007a16   0x00000002   PAD
    0x08007a18   0x0000017c   Code   RO          239    i.WRITE_LOG         app.o
    0x08007b94   0x00000004   Code   RO          330    i._sys_exit         usart.o
    0x08007b98   0x0000007c   Code   RO          978    i.check_fs          ff.o
    0x08007c14   0x00000014   Code   RO          979    i.chk_chr           ff.o
    0x08007c28   0x0000001a   Code   RO          980    i.clst2sect         ff.o
    0x08007c42   0x00000002   PAD
    0x08007c44   0x00000098   Code   RO          981    i.cmp_lfn           ff.o
    0x08007cdc   0x00000120   Code   RO          982    i.create_chain      ff.o
    0x08007dfc   0x00000260   Code   RO          983    i.create_name       ff.o
    0x0800805c   0x0000000c   Code   RO          984    i.dbc_1st           ff.o
    0x08008068   0x0000000c   Code   RO          985    i.dbc_2nd           ff.o
    0x08008074   0x00000060   Code   RO          986    i.dir_alloc         ff.o
    0x080080d4   0x00000060   Code   RO          987    i.dir_clear         ff.o
    0x08008134   0x000000fc   Code   RO          988    i.dir_find          ff.o
    0x08008230   0x000000c6   Code   RO          989    i.dir_next          ff.o
    0x080082f6   0x00000142   Code   RO          991    i.dir_register      ff.o
    0x08008438   0x0000009a   Code   RO          993    i.dir_sdi           ff.o
    0x080084d2   0x0000001a   Code   RO          936    i.disk_initialize   diskio.o
    0x080084ec   0x00000006   Code   RO          937    i.disk_ioctl        diskio.o
    0x080084f2   0x0000005a   Code   RO          938    i.disk_read         diskio.o
    0x0800854c   0x00000006   Code   RO          939    i.disk_status       diskio.o
    0x08008552   0x0000004e   Code   RO          940    i.disk_write        diskio.o
    0x080085a0   0x00000022   Code   RO          994    i.f_close           ff.o
    0x080085c2   0x00000002   PAD
    0x080085c4   0x00000054   Code   RO          999    i.f_mount           ff.o
    0x08008618   0x000001ee   Code   RO         1000    i.f_open            ff.o
    0x08008806   0x000000a0   Code   RO         1006    i.f_sync            ff.o
    0x080088a6   0x000001de   Code   RO         1009    i.f_write           ff.o
    0x08008a84   0x0000002c   Code   RO         1311    i.ff_oem2uni        ffunicode.o
    0x08008ab0   0x00000040   Code   RO         1312    i.ff_uni2oem        ffunicode.o
    0x08008af0   0x000000b0   Code   RO         1313    i.ff_wtoupper       ffunicode.o
    0x08008ba0   0x0000030c   Code   RO         1010    i.find_volume       ff.o
    0x08008eac   0x0000009e   Code   RO         1011    i.follow_path       ff.o
    0x08008f4a   0x00000002   PAD
    0x08008f4c   0x000000cc   Code   RO         1012    i.gen_numname       ff.o
    0x08009018   0x00000010   Code   RO          530    i.genchar_buff1     fingerprint.o
    0x08009028   0x00000010   Code   RO          531    i.genchar_buff2     fingerprint.o
    0x08009038   0x00000010   Code   RO          532    i.get_Image         fingerprint.o
    0x08009048   0x00000010   Code   RO          533    i.get_ModelNum      fingerprint.o
    0x08009058   0x000000e0   Code   RO         1013    i.get_fat           ff.o
    0x08009138   0x00000004   Code   RO          941    i.get_fattime       diskio.o
    0x0800913c   0x0000004c   Code   RO         1015    i.get_ldnumber      ff.o
    0x08009188   0x00000010   Code   RO          535    i.get_regmodel      fingerprint.o
    0x08009198   0x00000010   Code   RO          536    i.get_search        fingerprint.o
    0x080091a8   0x0000003c   Code   RO          537    i.get_storemodel    fingerprint.o
    0x080091e4   0x00000026   Code   RO         1016    i.ld_clust          ff.o
    0x0800920a   0x00000018   Code   RO         1017    i.ld_dword          ff.o
    0x08009222   0x0000000c   Code   RO         1018    i.ld_word           ff.o
    0x0800922e   0x00000002   PAD
    0x08009230   0x0000005c   Code   RO            2    i.main              main.o
    0x0800928c   0x00000024   Code   RO         1019    i.mem_cmp           ff.o
    0x080092b0   0x0000001a   Code   RO         1020    i.mem_cpy           ff.o
    0x080092ca   0x00000012   Code   RO         1021    i.mem_set           ff.o
    0x080092dc   0x00000034   Code   RO         1022    i.move_window       ff.o
    0x08009310   0x00000016   Code   RO          613    i.mypow             oled.o
    0x08009326   0x00000002   PAD
    0x08009328   0x000001ec   Code   RO          538    i.oled_showerror    fingerprint.o
    0x08009514   0x00000138   Code   RO         1024    i.put_fat           ff.o
    0x0800964c   0x00000080   Code   RO         1025    i.put_lfn           ff.o
    0x080096cc   0x0000009a   Code   RO         1027    i.remove_chain      ff.o
    0x08009766   0x00000024   Code   RO         1028    i.st_clust          ff.o
    0x0800978a   0x00000018   Code   RO         1029    i.st_dword          ff.o
    0x080097a2   0x0000000c   Code   RO         1030    i.st_word           ff.o
    0x080097ae   0x00000020   Code   RO         1031    i.sum_sfn           ff.o
    0x080097ce   0x00000002   PAD
    0x080097d0   0x00000090   Code   RO         1032    i.sync_fs           ff.o
    0x08009860   0x0000004a   Code   RO         1033    i.sync_window       ff.o
    0x080098aa   0x00000002   PAD
    0x080098ac   0x000000bc   Code   RO            3    i.systime_CB        main.o
    0x08009968   0x0000004c   Code   RO         1034    i.tchar2uni         ff.o
    0x080099b4   0x000000a8   Code   RO          333    i.uart_init         usart.o
    0x08009a5c   0x0000003c   Code   RO         1035    i.validate          ff.o
    0x08009a98   0x00000060   Data   RO          421    .constdata          time.o
    0x08009af8   0x0000000f   Data   RO          539    .constdata          fingerprint.o
    0x08009b07   0x000017c0   Data   RO          615    .constdata          oled.o
    0x0800b2c7   0x0000008d   Data   RO         1036    .constdata          ff.o
    0x0800b354   0x000003ae   Data   RO         1314    .constdata          ffunicode.o
    0x0800b702   0x00000002   PAD
    0x0800b704   0x000000a4   Data   RO         2887    .constdata          os_cfg_app.o
    0x0800b7a8   0x0000016c   Data   RO         3140    .constdata          os_dbg.o
    0x0800b914   0x00000020   Data   RO         4365    Region$$Table       anon$$obj.o


    Execution Region RW_IRAM1 (Base: 0x20000000, Size: 0x000081d0, Max: 0x00010000, ABSOLUTE, COMPRESSED[0x00000054])

    Base Addr    Size         Type   Attr      Idx    E Section Name        Object

    0x20000000   0x00000028   Data   RW          241    .data               app.o
    0x20000028   0x0000000e   Data   RW          335    .data               usart.o
    0x20000036   0x0000006a   Data   RW          540    .data               fingerprint.o
    0x200000a0   0x00000018   Data   RW          728    .data               sdio_sdcard.o
    0x200000b8   0x00000004   Data   RW          914    .data               rtc.o
    0x200000bc   0x00000006   Data   RW         1037    .data               ff.o
    0x200000c2   0x00000014   Data   RW         1519    .data               stm32f10x_rcc.o
    0x200000d6   0x00000002   PAD
    0x200000d8   0x00000014   Data   RW         2367    .data               system_stm32f10x.o
    0x200000ec   0x00000008   Data   RW         3452    .data               os_prio.o
    0x200000f4   0x000000c0   Data   RW         3990    .data               os_var.o
    0x200001b4   0x00000004   Data   RW         4014    .data               os_cpu_c.o
    0x200001b8   0x000055f8   Zero   RW            4    .bss                main.o
    0x200057b0   0x00000274   Zero   RW          240    .bss                app.o
    0x20005a24   0x0000012c   Zero   RW          334    .bss                usart.o
    0x20005b50   0x0000001e   Zero   RW          420    .bss                time.o
    0x20005b6e   0x00000400   Zero   RW          614    .bss                oled.o
    0x20005f6e   0x00000002   PAD
    0x20005f70   0x000000c4   Zero   RW          727    .bss                sdio_sdcard.o
    0x20006034   0x00001450   Zero   RW         2886    .bss                os_cfg_app.o
    0x20007484   0x00000004   PAD
    0x20007488   0x000006e8   Zero   RW         3989    .bss                os_var.o
    0x20007b70   0x00000060   Zero   RW         4246    .bss                c_w.l(libspace.o)
    0x20007bd0   0x00000200   Zero   RW         2408    HEAP                startup_stm32f10x_hd.o
    0x20007dd0   0x00000400   Zero   RW         2407    STACK               startup_stm32f10x_hd.o


==============================================================================

Image component sizes


      Code (inc. data)   RO Data    RW Data    ZI Data      Debug   Object Name

      1292        204          0         40        628       3575   app.o
       206         14          0          0          0      16515   bsp.o
        42          0          0          0          0        272   cpu_a.o
         2          0          0          0          0        407   cpu_core.o
       210          0          0          0          0       3852   diskio.o
      6310         86        141          6          0      49148   ff.o
       284         32        942          0          0       2596   ffunicode.o
       936        386         15        106          0       5337   fingerprint.o
        96          8          0          0          0        494   led.o
       180         10          0          0          0       2910   list.o
      1128        258          0          0      22008     291865   main.o
       132         22          0          0          0       1407   misc.o
      1232         72       6080          0       1024       6796   oled.o
       252        166        164          0       5200      19725   os_cfg_app.o
      2882        364          0          0          0      19111   os_core.o
       132         32          0          0          0        308   os_cpu_a.o
       516         58          0          4          0       6308   os_cpu_c.o
       432        286        364          0          0       4639   os_dbg.o
       670         26          0          0          0       2893   os_flag.o
      1048        194          0          0          0       3454   os_int.o
       632         38          0          0          0       4000   os_mem.o
       436         22          0          0          0       3544   os_msg.o
        24         10          0          0          0        807   os_mutex.o
       136         16          0          8          0       2650   os_prio.o
       356         18          0          0          0       2062   os_q.o
      1272         74          0          0          0       6054   os_sem.o
      1152        170          0          0          0       3371   os_stat.o
      4284        240          0          0          0      11251   os_task.o
      1256        122          0          0          0       5165   os_tick.o
       840         44          0          0          0       2897   os_time.o
      1220        160          0          0          0       6170   os_tmr.o
         0          0          0        192       1768      18212   os_var.o
       126          0          0          4          0       1600   rtc.o
      4488        342          0         24        196      27976   sdio_sdcard.o
        64         26        304          0       1536        808   startup_stm32f10x_hd.o
        72         10          0          0          0       2520   stm32f10x_bkp.o
       156         18          0          0          0       3697   stm32f10x_dma.o
       290          0          0          0          0       3357   stm32f10x_gpio.o
       146          8          0          0          0       3822   stm32f10x_it.o
        12          6          0          0          0        470   stm32f10x_pwr.o
       544         82          0         20          0       8784   stm32f10x_rcc.o
       260         48          0          0          0       4768   stm32f10x_rtc.o
       372         86          0          0          0       9075   stm32f10x_sdio.o
       628         28          0          0          0       7022   stm32f10x_usart.o
         0          0          0          0          0         32   sys.o
       328         28          0         20          0       2065   system_stm32f10x.o
       924         28         96          0         30       4438   time.o
       572         40          0         14        300       4479   usart.o

    ----------------------------------------------------------------------
     38616       3882       8140        440      32696     592708   Object Totals
         0          0         32          0          0          0   (incl. Generated)
        44          0          2          2          6          0   (incl. Padding)

    ----------------------------------------------------------------------

      Code (inc. data)   RO Data    RW Data    ZI Data      Debug   Library Member Name

        90          0          0          0          0          0   __dczerorl2.o
         8          0          0          0          0         68   __main.o
         0          0          0          0          0          0   __rtentry.o
        12          0          0          0          0          0   __rtentry2.o
         6          0          0          0          0          0   __rtentry4.o
        52          8          0          0          0          0   __scatter.o
        28          0          0          0          0          0   __scatter_zi.o
        18          0          0          0          0         80   exit.o
         6          0          0          0          0        152   heapauxi.o
         2          0          0          0          0          0   libinit.o
         2          0          0          0          0          0   libinit2.o
         2          0          0          0          0          0   libshutdown.o
         2          0          0          0          0          0   libshutdown2.o
         8          4          0          0         96         68   libspace.o
       238          0          0          0          0        100   lludivv7m.o
         2          0          0          0          0          0   rtexit.o
        10          0          0          0          0          0   rtexit2.o
        24          0          0          0          0         68   strcat.o
        62          0          0          0          0         76   strlen.o
        74          0          0          0          0         80   sys_stackheap_outer.o
         2          0          0          0          0         68   use_no_semi.o
         2          0          0          0          0         68   use_no_semi_2.o

    ----------------------------------------------------------------------
       656         12          0          0         96        828   Library Totals
         6          0          0          0          0          0   (incl. Padding)

    ----------------------------------------------------------------------

      Code (inc. data)   RO Data    RW Data    ZI Data      Debug   Library Name

       650         12          0          0         96        828   c_w.l

    ----------------------------------------------------------------------
       656         12          0          0         96        828   Library Totals

    ----------------------------------------------------------------------

==============================================================================


      Code (inc. data)   RO Data    RW Data    ZI Data      Debug   

     39272       3894       8140        440      32792     577620   Grand Totals
     39272       3894       8140         84      32792     577620   ELF Image Totals (compressed)
     39272       3894       8140         84          0          0   ROM Totals

==============================================================================

    Total RO  Size (Code + RO Data)                47412 (  46.30kB)
    Total RW  Size (RW Data + ZI Data)             33232 (  32.45kB)
    Total ROM Size (Code + RO Data + RW Data)      47496 (  46.38kB)

==============================================================================

